Archive member included to satisfy reference by file (symbol)

libbb/lib.a(appletlib.o)      /opt/hisi-linux/x86-arm/arm-hisiv500-linux/bin/../target/usr/lib/crt1.o (main)
libbb/lib.a(concat_path_file.o)
                              libbb/lib.a(appletlib.o) (concat_path_file)
libbb/lib.a(default_error_retval.o)
                              libbb/lib.a(appletlib.o) (xfunc_error_retval)
libbb/lib.a(get_last_path_component.o)
                              libbb/lib.a(appletlib.o) (bb_basename)
libbb/lib.a(last_char_is.o)   libbb/lib.a(concat_path_file.o) (last_char_is)
libbb/lib.a(llist.o)          libbb/lib.a(appletlib.o) (llist_free)
libbb/lib.a(messages.o)       libbb/lib.a(appletlib.o) (bb_busybox_exec_path)
libbb/lib.a(perror_msg.o)     libbb/lib.a(appletlib.o) (bb_perror_msg_and_die)
libbb/lib.a(ptr_to_globals.o)
                              libbb/lib.a(appletlib.o) (bb_errno)
libbb/lib.a(skip_whitespace.o)
                              libbb/lib.a(appletlib.o) (skip_whitespace)
libbb/lib.a(verror_msg.o)     libbb/lib.a(perror_msg.o) (bb_verror_msg)
libbb/lib.a(wfopen.o)         libbb/lib.a(appletlib.o) (fopen_for_read)
libbb/lib.a(xfunc_die.o)      libbb/lib.a(appletlib.o) (xfunc_die)
libbb/lib.a(xfuncs.o)         libbb/lib.a(appletlib.o) (full_write2_str)
libbb/lib.a(xfuncs_printf.o)  libbb/lib.a(appletlib.o) (malloc_or_warn)
libbb/lib.a(xreadlink.o)      libbb/lib.a(appletlib.o) (xmalloc_readlink)
libbb/lib.a(copyfd.o)         libbb/lib.a(xfuncs_printf.o) (bb_copyfd_eof)
libbb/lib.a(full_write.o)     libbb/lib.a(verror_msg.o) (full_write)
libbb/lib.a(read.o)           libbb/lib.a(copyfd.o) (safe_read)
libbb/lib.a(safe_write.o)     libbb/lib.a(full_write.o) (safe_write)
libbb/lib.a(time.o)           libbb/lib.a(xfuncs_printf.o) (monotonic_us)
libbb/lib.a(bb_strtonum.o)    libbb/lib.a(time.o) (bb_strtol)
libpwdgrp/lib.a(pwd_grp.o)    libbb/lib.a(appletlib.o) (bb_internal_getgrgid)
libpwdgrp/lib.a(uidgid_get.o)
                              libbb/lib.a(appletlib.o) (get_uidgid)
loginutils/lib.a(add-remove-shell.o)
                              libbb/lib.a(appletlib.o) (add_remove_shell_main)
loginutils/lib.a(addgroup.o)  libbb/lib.a(appletlib.o) (addgroup_main)
loginutils/lib.a(adduser.o)   libbb/lib.a(appletlib.o) (adduser_main)
loginutils/lib.a(chpasswd.o)  libbb/lib.a(appletlib.o) (chpasswd_main)
loginutils/lib.a(cryptpw.o)   libbb/lib.a(appletlib.o) (cryptpw_main)
loginutils/lib.a(deluser.o)   libbb/lib.a(appletlib.o) (deluser_main)
loginutils/lib.a(getty.o)     libbb/lib.a(appletlib.o) (getty_main)
loginutils/lib.a(login.o)     libbb/lib.a(appletlib.o) (login_main)
loginutils/lib.a(passwd.o)    libbb/lib.a(appletlib.o) (passwd_main)
loginutils/lib.a(su.o)        libbb/lib.a(appletlib.o) (su_main)
loginutils/lib.a(sulogin.o)   libbb/lib.a(appletlib.o) (sulogin_main)
loginutils/lib.a(vlock.o)     libbb/lib.a(appletlib.o) (vlock_main)
mailutils/lib.a(makemime.o)   libbb/lib.a(appletlib.o) (makemime_main)
mailutils/lib.a(popmaildir.o)
                              libbb/lib.a(appletlib.o) (popmaildir_main)
mailutils/lib.a(reformime.o)  libbb/lib.a(appletlib.o) (reformime_main)
mailutils/lib.a(sendmail.o)   libbb/lib.a(appletlib.o) (sendmail_main)
mailutils/lib.a(mail.o)       mailutils/lib.a(popmaildir.o) (launch_helper)
miscutils/lib.a(adjtimex.o)   libbb/lib.a(appletlib.o) (adjtimex_main)
miscutils/lib.a(beep.o)       libbb/lib.a(appletlib.o) (beep_main)
miscutils/lib.a(chat.o)       libbb/lib.a(appletlib.o) (chat_main)
miscutils/lib.a(chrt.o)       libbb/lib.a(appletlib.o) (chrt_main)
miscutils/lib.a(conspy.o)     libbb/lib.a(appletlib.o) (conspy_main)
miscutils/lib.a(crond.o)      libbb/lib.a(appletlib.o) (crond_main)
miscutils/lib.a(crontab.o)    libbb/lib.a(appletlib.o) (crontab_main)
miscutils/lib.a(dc.o)         libbb/lib.a(appletlib.o) (dc_main)
miscutils/lib.a(devmem.o)     libbb/lib.a(appletlib.o) (devmem_main)
miscutils/lib.a(eject.o)      libbb/lib.a(appletlib.o) (eject_main)
miscutils/lib.a(fbsplash.o)   libbb/lib.a(appletlib.o) (fbsplash_main)
miscutils/lib.a(hdparm.o)     libbb/lib.a(appletlib.o) (hdparm_main)
miscutils/lib.a(ionice.o)     libbb/lib.a(appletlib.o) (ionice_main)
miscutils/lib.a(last_fancy.o)
                              libbb/lib.a(appletlib.o) (last_main)
miscutils/lib.a(less.o)       libbb/lib.a(appletlib.o) (less_main)
miscutils/lib.a(makedevs.o)   libbb/lib.a(appletlib.o) (makedevs_main)
miscutils/lib.a(man.o)        libbb/lib.a(appletlib.o) (man_main)
miscutils/lib.a(microcom.o)   libbb/lib.a(appletlib.o) (microcom_main)
miscutils/lib.a(mountpoint.o)
                              libbb/lib.a(appletlib.o) (mountpoint_main)
miscutils/lib.a(mt.o)         libbb/lib.a(appletlib.o) (mt_main)
miscutils/lib.a(nandwrite.o)  libbb/lib.a(appletlib.o) (nandwrite_main)
miscutils/lib.a(raidautorun.o)
                              libbb/lib.a(appletlib.o) (raidautorun_main)
miscutils/lib.a(readahead.o)  libbb/lib.a(appletlib.o) (readahead_main)
[...]
Memory Configuration

Name             Origin             Length             Attributes
*default*        0x00000000         0xffffffff

Linker script and memory map

LOAD /opt/hisi-linux/x86-arm/arm-hisiv500-linux/bin/../target/usr/lib/crt1.o
LOAD /opt/hisi-linux/x86-arm/arm-hisiv500-linux/bin/../target/usr/lib/crti.o
LOAD /opt/hisi-linux/x86-arm/arm-hisiv500-linux/bin/../lib/gcc/arm-hisiv500-linux-uclibcgnueabi/4.9.4/crtbegin.o
START GROUP
LOAD applets/built-in.o
LOAD archival/lib.a
LOAD archival/libarchive/lib.a
LOAD console-tools/lib.a
LOAD coreutils/lib.a
LOAD coreutils/libcoreutils/lib.a
LOAD debianutils/lib.a
LOAD e2fsprogs/lib.a
LOAD editors/lib.a
LOAD findutils/lib.a
LOAD init/lib.a
LOAD libbb/lib.a
LOAD libpwdgrp/lib.a
LOAD loginutils/lib.a
LOAD mailutils/lib.a
LOAD miscutils/lib.a
LOAD modutils/lib.a
LOAD networking/lib.a
LOAD networking/libiproute/lib.a
LOAD networking/udhcp/lib.a
LOAD printutils/lib.a
LOAD procps/lib.a
LOAD runit/lib.a
LOAD selinux/lib.a
LOAD shell/lib.a
LOAD sysklogd/lib.a
LOAD util-linux/lib.a
LOAD util-linux/volume_id/lib.a
LOAD archival/built-in.o
LOAD archival/libarchive/built-in.o
LOAD console-tools/built-in.o
LOAD coreutils/built-in.o
LOAD coreutils/libcoreutils/built-in.o
LOAD debianutils/built-in.o
LOAD e2fsprogs/built-in.o
LOAD editors/built-in.o
LOAD findutils/built-in.o
LOAD init/built-in.o
LOAD libbb/built-in.o
LOAD libpwdgrp/built-in.o
LOAD loginutils/built-in.o
LOAD mailutils/built-in.o
LOAD miscutils/built-in.o
LOAD modutils/built-in.o
LOAD networking/built-in.o
LOAD networking/libiproute/built-in.o
LOAD networking/udhcp/built-in.o
LOAD printutils/built-in.o
LOAD procps/built-in.o
LOAD runit/built-in.o
LOAD selinux/built-in.o
LOAD shell/built-in.o
LOAD sysklogd/built-in.o
LOAD util-linux/built-in.o
LOAD util-linux/volume_id/built-in.o
END GROUP
START GROUP
LOAD /opt/hisi-linux/x86-arm/arm-hisiv500-linux/bin/../target/usr/lib/libm.so
END GROUP
LOAD /opt/hisi-linux/x86-arm/arm-hisiv500-linux/bin/../lib/gcc/arm-hisiv500-linux-uclibcgnueabi/4.9.4/libgcc.a
LOAD /opt/hisi-linux/x86-arm/arm-hisiv500-linux/bin/../lib/gcc/arm-hisiv500-linux-uclibcgnueabi/4.9.4/libgcc_eh.a
LOAD /opt/hisi-linux/x86-arm/arm-hisiv500-linux/bin/../target/usr/lib/libc.so
START GROUP
LOAD /opt/hisi-linux/x86-arm/arm-hisiv500-linux/bin/../target/lib/libc.so.0
LOAD /opt/hisi-linux/x86-arm/arm-hisiv500-linux/bin/../target/usr/lib/uclibc_nonshared.a
LOAD /opt/hisi-linux/x86-arm/arm-hisiv500-linux/bin/../target/lib/ld-uClibc.so.0
END GROUP
LOAD /opt/hisi-linux/x86-arm/arm-hisiv500-linux/bin/../lib/gcc/arm-hisiv500-linux-uclibcgnueabi/4.9.4/libgcc.a
LOAD /opt/hisi-linux/x86-arm/arm-hisiv500-linux/bin/../lib/gcc/arm-hisiv500-linux-uclibcgnueabi/4.9.4/libgcc_eh.a
LOAD /opt/hisi-linux/x86-arm/arm-hisiv500-linux/bin/../lib/gcc/arm-hisiv500-linux-uclibcgnueabi/4.9.4/crtend.o
LOAD /opt/hisi-linux/x86-arm/arm-hisiv500-linux/bin/../target/usr/lib/crtn.o
                0x00010000                PROVIDE (__executable_start, 0x10000)
                0x00010114                . = (0x10000 + SIZEOF_HEADERS)

.interp         0x00010114       0x14
 *(SORT(.interp))
 .interp        0x00010114       0x14 /opt/hisi-linux/x86-arm/arm-hisiv500-linux/bin/../target/usr/lib/crt1.o

.note.gnu.build-id
 *(SORT(.note.gnu.build-id))

.hash           0x00010128      0xa2c
 *(SORT(.hash))
 .hash          0x00010128      0xa2c /opt/hisi-linux/x86-arm/arm-hisiv500-linux/bin/../target/usr/lib/crt1.o

.gnu.hash
 *(SORT(.gnu.hash))

.dynsym         0x00010b54     0x1820
 *(SORT(.dynsym))
 .dynsym        0x00010b54     0x1820 /opt/hisi-linux/x86-arm/arm-hisiv500-linux/bin/../target/usr/lib/crt1.o

.dynstr         0x00012374      0xc18
 *(SORT(.dynstr))
 .dynstr        0x00012374      0xc18 /opt/hisi-linux/x86-arm/arm-hisiv500-linux/bin/../target/usr/lib/crt1.o

.gnu.version    0x00012f8c        0x0
 *(SORT(.gnu.version))
 .gnu.version   0x00012f8c        0x0 /opt/hisi-linux/x86-arm/arm-hisiv500-linux/bin/../target/usr/lib/crt1.o

.gnu.version_d  0x00012f8c        0x0
 *(SORT(.gnu.version_d))
 .gnu.version_d
                0x00012f8c        0x0 /opt/hisi-linux/x86-arm/arm-hisiv500-linux/bin/../target/usr/lib/crt1.o

.gnu.version_r  0x00012f8c        0x0
 *(SORT(.gnu.version_r))
 .gnu.version_r
                0x00012f8c        0x0 /opt/hisi-linux/x86-arm/arm-hisiv500-linux/bin/../target/usr/lib/crt1.o

.rel.dyn        0x00012f8c       0x58
 *(SORT(.rel.init))
 *(SORT(.rel.text) SORT(.rel.text.*) SORT(.rel.gnu.linkonce.t.*))
 *(SORT(.rel.fini))
 *(SORT(.rel.rodata) SORT(.rel.rodata.*) SORT(.rel.gnu.linkonce.r.*))
 *(SORT(.rel.data.rel.ro) SORT(.rel.data.rel.ro.*) SORT(.rel.gnu.linkonce.d.rel.ro.*))
 *(SORT(.rel.data) SORT(.rel.data.*) SORT(.rel.gnu.linkonce.d.*))
 *(SORT(.rel.tdata) SORT(.rel.tdata.*) SORT(.rel.gnu.linkonce.td.*))
 *(SORT(.rel.tbss) SORT(.rel.tbss.*) SORT(.rel.gnu.linkonce.tb.*))
 *(SORT(.rel.ctors))
 *(SORT(.rel.dtors))
 *(SORT(.rel.got))
 .rel.got       0x00012f8c        0x0 /opt/hisi-linux/x86-arm/arm-hisiv500-linux/bin/../target/usr/lib/crt1.o
 *(SORT(.rel.bss) SORT(.rel.bss.*) SORT(.rel.gnu.linkonce.b.*))
 .rel.bss       0x00012f8c       0x58 /opt/hisi-linux/x86-arm/arm-hisiv500-linux/bin/../target/usr/lib/crt1.o
                0x00012fe4                PROVIDE (__rel_iplt_start, .)
 *(SORT(.rel.iplt))
 .rel.iplt      0x00012fe4        0x0 /opt/hisi-linux/x86-arm/arm-hisiv500-linux/bin/../target/usr/lib/crt1.o
                0x00012fe4                PROVIDE (__rel_iplt_end, .)

.rela.dyn       0x00012fe4        0x0
 *(SORT(.rela.init))
 *(SORT(.rela.text) SORT(.rela.text.*) SORT(.rela.gnu.linkonce.t.*))
 *(SORT(.rela.fini))
 *(SORT(.rela.rodata) SORT(.rela.rodata.*) SORT(.rela.gnu.linkonce.r.*))
 *(SORT(.rela.data) SORT(.rela.data.*) SORT(.rela.gnu.linkonce.d.*))
 *(SORT(.rela.tdata) SORT(.rela.tdata.*) SORT(.rela.gnu.linkonce.td.*))
 *(SORT(.rela.tbss) SORT(.rela.tbss.*) SORT(.rela.gnu.linkonce.tb.*))
 *(SORT(.rela.ctors))
 *(SORT(.rela.dtors))
 *(SORT(.rela.got))
 *(SORT(.rela.bss) SORT(.rela.bss.*) SORT(.rela.gnu.linkonce.b.*))
                0x00012fe4                PROVIDE (__rela_iplt_start, .)
 *(SORT(.rela.iplt))
                0x00012fe4                PROVIDE (__rela_iplt_end, .)

.rel.plt        0x00012fe4      0xb68
 *(SORT(.rel.plt))
 .rel.plt       0x00012fe4      0xb68 /opt/hisi-linux/x86-arm/arm-hisiv500-linux/bin/../target/usr/lib/crt1.o

.rela.plt
 *(SORT(.rela.plt))

.init           0x00013b4c       0x10
 *(SORT(.init))
 .init          0x00013b4c        0xc /opt/hisi-linux/x86-arm/arm-hisiv500-linux/bin/../target/usr/lib/crti.o
                0x00013b4c                _init
 .init          0x00013b58        0x4 /opt/hisi-linux/x86-arm/arm-hisiv500-linux/bin/../target/usr/lib/crtn.o

.plt            0x00013b5c     0x1130
 *(SORT(.plt))
 .plt           0x00013b5c     0x1130 /opt/hisi-linux/x86-arm/arm-hisiv500-linux/bin/../target/usr/lib/crt1.o
                0x00013b70                longjmp
                0x00013b7c                stpcpy
                0x00013b88                putchar
                0x00013b94                chroot
                0x00013ba0                strcpy
                0x00013bac                setrlimit64
                0x00013bb8                unsetenv
                0x00013bc4                log
                0x00013bd0                mkstemp64
                0x00013bdc                sqrt
                0x00013be8                waitpid
                0x00013bf4                pause
                0x00013c00                ioctl
                0x00013c0c                if_indextoname
                0x00013c18                strtok_r
                0x00013c24                getgid
                0x00013c30                popen
                0x00013c3c                sysconf
                0x00013c48                printf
                0x00013c54                vsprintf
                0x00013c60                random
                0x00013c6c                cfgetospeed
                0x00013c78                recv
                0x00013c84                connect
                0x00013c90                ungetc
                0x00013c9c                tcgetsid
                0x00013ca8                utimes
                0x00013cb4                shmctl
                0x00013cc0                strerror
                0x00013ccc                memrchr
                0x00013cd8                geteuid
                0x00013ce4                inet_pton
                0x00013cf0                stat64
                0x00013cfc                memmove
                0x00013d08                pclose
                0x00013d14                getopt_long
                0x00013d20                snprintf
                0x00013d2c                syscall
                0x00013d38                pmap_set
                0x00013d44                munmap
                0x00013d50                sched_getparam
                0x00013d5c                mknod
                0x00013d68                ftello64
                0x00013d74                times
                0x00013d80                statfs64
                0x00013d8c                getenv
                0x00013d98                fchmod
                0x00013da4                getegid
                0x00013db0                setlinebuf
                0x00013dbc                setpriority
                0x00013dc8                getpriority
                0x00013dd4                personality
                0x00013de0                bsearch
                0x00013dec                usleep
                0x00013df8                execve
                0x00013e04                semget
                0x00013e10                getpagesize
                0x00013e1c                getpid
                0x00013e28                qsort
                0x00013e34                fchown
                0x00013e40                fscanf
                0x00013e4c                dirname
                0x00013e58                fcntl64
                0x00013e64                getrlimit64
                0x00013e70                fchdir
                0x00013e7c                shmat
                0x00013e88                memcpy
                0x00013e94                setvbuf
                0x00013ea0                execl
                0x00013eac                readlink
                0x00013eb8                puts
                0x00013ec4                dup2
                0x00013ed0                tcflush
                0x00013edc                execle
                0x00013ee8                getuid
                0x00013ef4                tcsendbreak
                0x00013f00                semctl
                0x00013f0c                system
                0x00013f18                feof
                0x00013f24                hasmntopt
                0x00013f30                malloc
                0x00013f3c                isatty
                0x00013f48                cfgetispeed
                0x00013f54                siglongjmp
                0x00013f60                sleep
                0x00013f6c                sched_setscheduler
                0x00013f78                sysinfo
                0x00013f84                vsnprintf
                0x00013f90                strtoll
                0x00013f9c                recvfrom
                0x00013fa8                tcdrain
                0x00013fb4                pivot_root
                0x00013fc0                strtoul
                0x00013fcc                getutent
                0x00013fd8                sched_getscheduler
                0x00013fe4                mktemp
                0x00013ff0                settimeofday
                0x00013ffc                gethostbyaddr
                0x00014008                rmdir
                0x00014014                socket
                0x00014020                select
                0x0001402c                init_module
                0x00014038                lchown
                0x00014044                setgroups
                0x00014050                delete_module
                0x0001405c                mempcpy
                0x00014068                fflush
                0x00014074                creat64
                0x00014080                realpath
                0x0001408c                getrpcbyname
                0x00014098                putenv
                0x000140a4                sigaddset
                0x000140b0                clearenv
                0x000140bc                chown
                0x000140c8                strncasecmp
                0x000140d4                setpgid
                0x000140e0                send
                0x000140ec                freeaddrinfo
                0x000140f8                __fgetc_unlocked
                0x00014104                abort
                0x00014110                gmtime_r
                0x0001411c                chmod
                0x00014128                getnameinfo
                0x00014134                fstat64
                0x00014140                alarm
                0x0001414c                mlock
                0x00014158                acct
                0x00014164                strtol
                0x00014170                __sigsetjmp
                0x0001417c                pipe
                0x00014188                ether_hostton
                0x00014194                getpgrp
                0x000141a0                strnlen
                0x000141ac                uname
                0x000141b8                accept
                0x000141c4                cfsetispeed
                0x000141d0                utmpname
                0x000141dc                rename
                0x000141e8                strrchr
                0x000141f4                nanosleep
                0x00014200                strtod
                0x0001420c                write
                0x00014218                atof
                0x00014224                fdatasync
                0x00014230                fprintf
                0x0001423c                kill
                0x00014248                fputs_unlocked
                0x00014254                ctime
                0x00014260                strcat
                0x0001426c                bind
                0x00014278                getmntent_r
                0x00014284                inet_addr
                0x00014290                vprintf
                0x0001429c                readahead
                0x000142a8                umount2
                0x000142b4                mkfifo
                0x000142c0                if_nametoindex
                0x000142d8                reboot
                0x000142e4                chdir
                0x000142f0                pmap_unset
                0x000142fc                shmdt
                0x00014308                setsockopt
                0x00014314                wait3
                0x00014320                shmget
                0x0001432c                cfsetospeed
                0x00014338                cos
                0x00014344                memchr
                0x00014350                swapoff
                0x0001435c                wait
                0x00014368                umask
                0x00014374                dprintf
                0x00014380                mktime
                0x0001438c                strcasestr
                0x00014398                ferror
                0x000143a4                strstr
                0x000143b0                unlockpt
                0x000143bc                sin
                0x000143c8                rand
                0x000143d4                flock
                0x000143e0                setgid
                0x000143ec                atan2
                0x000143f8                signal
                0x00014404                read
                0x00014410                endutent
                0x0001441c                openlog
                0x00014428                pread64
                0x00014434                sendmsg
                0x00014440                closelog
                0x0001444c                strncmp
                0x00014458                getusershell
                0x00014464                sethostname
                0x00014470                __cmsg_nxthdr
                0x0001447c                setpgrp
                0x00014488                pow
                0x00014494                strncpy
                0x000144a0                unlink
                0x000144ac                sync
                0x000144b8                setenv
                0x000144c4                freopen64
                0x000144d0                strcasecmp
                0x000144dc                sendto
                0x000144e8                sched_get_priority_max
                0x000144f4                realloc
                0x00014500                __cxa_atexit
                0x0001450c                readdir64
                0x00014518                strtok
                0x00014524                memcmp
                0x00014530                listen
                0x0001453c                sched_get_priority_min
                0x00014548                malloc_trim
                0x00014554                fdopen
                0x00014560                fork
                0x0001456c                sscanf
                0x00014578                execv
                0x00014584                setmntent
                0x00014590                lstat64
                0x0001459c                setresuid
                0x000145a8                execlp
                0x000145b4                sigaction
                0x000145c0                endmntent
                0x000145cc                __res_init
                0x000145d8                killpg
                0x000145e4                fread
                0x000145f0                ttyname_r
                0x000145fc                __uClibc_main
                0x00014608                getlogin_r
                0x00014614                strdup
                0x00014620                inet_aton
                0x0001462c                strtoull
                0x00014638                regcomp
                0x00014644                symlink
                0x00014650                gettimeofday
                0x0001465c                getopt
                0x00014668                localtime
                0x00014674                memset
                0x00014680                fnmatch
                0x0001468c                cfmakeraw
                0x00014698                getsid
                0x000146a4                srand
                0x000146b0                clearerr
                0x000146bc                mallopt
                0x000146c8                fclose
                0x000146d4                grantpt
                0x000146e0                open64
                0x000146ec                inet_ntoa
                0x000146f8                getppid
                0x00014704                tcgetattr
                0x00014710                getservbyport
                0x0001471c                regexec
                0x00014728                time
                0x00014734                opendir
                0x00014740                getgroups
                0x0001474c                msgctl
                0x00014758                poll
                0x00014764                sigtimedwait
                0x00014770                syslog
                0x0001477c                seteuid
                0x00014788                exp
                0x00014794                getopt_long_only
                0x000147a0                mount
                0x000147ac                nice
                0x000147b8                strcmp
                0x000147c4                shutdown
                0x000147d0                __h_errno_location
                0x000147dc                dup
                0x000147e8                swapon
                0x000147f4                getcwd
                0x00014800                __res_state
                0x0001480c                gethostbyname
                0x00014818                strsignal
                0x00014824                getservbyname
                0x00014830                sprintf
                0x0001483c                ether_aton_r
                0x00014848                asprintf
                0x00014854                strcspn
                0x00014860                getpeername
                0x0001486c                cfsetspeed
                0x00014878                scanf
                0x00014884                regerror
                0x00014890                umount
                0x0001489c                pututline
                0x000148a8                mmap64
                0x000148b4                vfork
                0x000148c0                srandom
                0x000148cc                strsep
                0x000148d8                sigismember
                0x000148e4                fsync
                0x000148f0                fputc
                0x000148fc                getsockopt
                0x00014908                hstrerror
                0x00014914                localtime_r
                0x00014920                getaddrinfo
                0x0001492c                setresgid
                0x00014938                lutimes
                0x00014944                strftime
                0x00014950                sendfile64
                0x0001495c                mkdtemp
                0x00014968                getmntent
                0x00014974                fwrite
                0x00014980                access
                0x0001498c                bindresvport
                0x00014998                strptime
                0x000149a4                tcgetpgrp
                0x000149b0                __errno_location
                0x000149bc                link
                0x000149c8                semop
                0x000149d4                exit
                0x000149e0                ether_ntoa
                0x000149ec                stime
                0x000149f8                klogctl
                0x00014a04                sigdelset
                0x00014a10                setbuf
                0x00014a1c                inet_ntop
                0x00014a28                globfree64
                0x00014a34                atoi
                0x00014a40                fileno
                0x00014a4c                _setjmp
                0x00014a58                fgets_unlocked
                0x00014a64                getline
                0x00014a70                _exit
                0x00014a7c                strverscmp
                0x00014a88                gmtime
                0x00014a94                strspn
                0x00014aa0                munlock
                0x00014aac                daemon
                0x00014ab8                strlen
                0x00014ac4                lseek64
                0x00014ad0                ptsname_r
                0x00014adc                regfree
                0x00014ae8                updwtmp
                0x00014af4                div
                0x00014b00                strchr
                0x00014b0c                setutent
                0x00014b18                fputs
                0x00014b24                adjtimex
                0x00014b30                execvp
                0x00014b3c                setsid
                0x00014b48                setegid
                0x00014b54                closedir
                0x00014b60                vasprintf
                0x00014b6c                recvmsg
                0x00014b78                strchrnul
                0x00014b84                tzset
                0x00014b90                sched_yield
                0x00014b9c                setuid
                0x00014ba8                gethostid
                0x00014bb4                fseeko64
                0x00014bc0                tcsetattr
                0x00014bcc                mkdir
                0x00014be4                msgget
                0x00014bf0                close
                0x00014bfc                glob64
                0x00014c08                vfprintf
                0x00014c14                strpbrk
                0x00014c20                tcsetpgrp
                0x00014c2c                sigsuspend
                0x00014c38                raise
                0x00014c44                free
                0x00014c50                sigprocmask
                0x00014c5c                __fputc_unlocked
                0x00014c68                getsockname
                0x00014c74                fopen64
                0x00014c80                ftruncate64

.iplt           0x00014c8c        0x0
 *(SORT(.iplt))
 .iplt          0x00014c8c        0x0 /opt/hisi-linux/x86-arm/arm-hisiv500-linux/bin/../target/usr/lib/crt1.o

.text           0x00014c8c    0xbb628
 *(SORT(.text.unlikely) SORT(.text.*_unlikely) SORT(.text.unlikely.*))
 *(SORT(.text.exit) SORT(.text.exit.*))
 *(SORT(.text.startup) SORT(.text.startup.*))
 *(SORT(.text.hot) SORT(.text.hot.*))
 *(SORT(.text) SORT(.stub) SORT(.text.*) SORT(.gnu.linkonce.t.*))
 .text          0x00014c8c       0x3c /opt/hisi-linux/x86-arm/arm-hisiv500-linux/bin/../target/usr/lib/crt1.o
                0x00014c8c                _start
 .text          0x00014cc8      0x108 /opt/hisi-linux/x86-arm/arm-hisiv500-linux/bin/../lib/gcc/arm-hisiv500-linux-uclibcgnueabi/4.9.4/crtbegin.o
 .text.applet_name_compare
                0x00014dd0       0x24 libbb/lib.a(appletlib.o)
 .text.get_trimmed_slice
                0x00014df4       0x30 libbb/lib.a(appletlib.o)
 .text.find_applet_by_name
                0x00014e24       0x30 libbb/lib.a(appletlib.o)
                0x00014e24                find_applet_by_name
 .text.bb_show_usage
                0x00014e54       0xf0 libbb/lib.a(appletlib.o)
                0x00014e54                bb_show_usage
 .text.parse_config_file
                0x00014f44      0x310 libbb/lib.a(appletlib.o)
 .text.lbb_prepare
                0x00015254       0x28 libbb/lib.a(appletlib.o)
                0x00015254                lbb_prepare
 .text.run_applet_no_and_exit
                0x0001527c      0x22c libbb/lib.a(appletlib.o)
                0x0001527c                run_applet_no_and_exit
 .text.run_applet_and_exit
                0x000154a8      0x390 libbb/lib.a(appletlib.o)
                0x000154a8                run_applet_and_exit
 .text.main     0x00015838       0x80 libbb/lib.a(appletlib.o)
                0x00015838                main
 .text.concat_path_file
                0x000158b8       0x64 libbb/lib.a(concat_path_file.o)
                0x000158b8                concat_path_file
 .text.bb_basename
                0x0001591c       0x20 libbb/lib.a(get_last_path_component.o)
                0x0001591c                bb_basename
 .text.bb_get_last_path_component_nostrip
                0x0001593c       0x3c libbb/lib.a(get_last_path_component.o)
                0x0001593c                bb_get_last_path_component_nostrip
 .text.bb_get_last_path_component_strip
                0x00015978       0x50 libbb/lib.a(get_last_path_component.o)
                0x00015978                bb_get_last_path_component_strip
 .text.last_char_is
                0x000159c8       0x4c libbb/lib.a(last_char_is.o)
                0x000159c8                last_char_is
 .text.llist_add_to
                0x00015a14       0x28 libbb/lib.a(llist.o)
                0x00015a14                llist_add_to
 .text.llist_add_to_end
                0x00015a3c       0x30 libbb/lib.a(llist.o)
                0x00015a3c                llist_add_to_end
 .text.llist_pop
                0x00015a6c       0x2c libbb/lib.a(llist.o)
                0x00015a6c                llist_pop
 .text.llist_unlink
                0x00015a98       0x34 libbb/lib.a(llist.o)
                0x00015a98                llist_unlink
 .text.llist_free
                0x00015acc       0x3c libbb/lib.a(llist.o)
                0x00015acc                llist_free
 .text.llist_find_str
                0x00015b08       0x34 libbb/lib.a(llist.o)
                0x00015b08                llist_find_str
 .text.bb_perror_msg
                0x00015b3c       0x4c libbb/lib.a(perror_msg.o)
                0x00015b3c                bb_perror_msg
 .text.bb_perror_msg_and_die
                0x00015b88       0x40 libbb/lib.a(perror_msg.o)
                0x00015b88                bb_perror_msg_and_die
 .text.bb_simple_perror_msg
                0x00015bc8       0x10 libbb/lib.a(perror_msg.o)
                0x00015bc8                bb_simple_perror_msg
 .text.bb_simple_perror_msg_and_die
                0x00015bd8       0x14 libbb/lib.a(perror_msg.o)
                0x00015bd8                bb_simple_perror_msg_and_die
 .text.skip_whitespace
                0x00015bec       0x20 libbb/lib.a(skip_whitespace.o)
                0x00015bec                skip_whitespace
 .text.skip_non_whitespace
                0x00015c0c       0x24 libbb/lib.a(skip_whitespace.o)
                0x00015c0c                skip_non_whitespace
 .text.skip_dev_pfx
                0x00015c30       0x28 libbb/lib.a(skip_whitespace.o)
                0x00015c30                skip_dev_pfx
 .text.bb_verror_msg
                0x00015c58      0x1c4 libbb/lib.a(verror_msg.o)
                0x00015c58                bb_verror_msg
 .text.bb_error_msg_and_die
                0x00015e1c       0x20 libbb/lib.a(verror_msg.o)
                0x00015e1c                bb_error_msg_and_die
 .text.bb_error_msg
                0x00015e3c       0x2c libbb/lib.a(verror_msg.o)
                0x00015e3c                bb_error_msg
 .text.xfdopen_helper
                0x00015e68       0x38 libbb/lib.a(wfopen.o)
 .text.fopen_or_warn
                0x00015ea0       0x24 libbb/lib.a(wfopen.o)
                0x00015ea0                fopen_or_warn
 .text.fopen_for_read
                0x00015ec4        0xc libbb/lib.a(wfopen.o)
                0x00015ec4                fopen_for_read
 .text.xfopen_for_read
                0x00015ed0        0xc libbb/lib.a(wfopen.o)
                0x00015ed0                xfopen_for_read
 .text.fopen_for_write
                0x00015edc        0xc libbb/lib.a(wfopen.o)
                0x00015edc                fopen_for_write
 .text.xfopen_for_write
                0x00015ee8        0xc libbb/lib.a(wfopen.o)
                0x00015ee8                xfopen_for_write
 .text.xfdopen_for_read
                0x00015ef4        0x8 libbb/lib.a(wfopen.o)
                0x00015ef4                xfdopen_for_read
 .text.xfdopen_for_write
                0x00015efc        0xc libbb/lib.a(wfopen.o)
                0x00015efc                xfdopen_for_write
 .text.xfunc_die
                0x00015f08       0x50 libbb/lib.a(xfunc_die.o)
                0x00015f08                xfunc_die
 .text.ndelay_on
                0x00015f58       0x2c libbb/lib.a(xfuncs.o)
                0x00015f58                ndelay_on
 .text.ndelay_off
                0x00015f84       0x2c libbb/lib.a(xfuncs.o)
                0x00015f84                ndelay_off
 .text.close_on_exec_on
                0x00015fb0        0xc libbb/lib.a(xfuncs.o)
                0x00015fb0                close_on_exec_on
 .text.strncpy_IFNAMSIZ
                0x00015fbc        0x8 libbb/lib.a(xfuncs.o)
                0x00015fbc                strncpy_IFNAMSIZ
 .text.utoa_to_buf
                0x00015fc4       0xa0 libbb/lib.a(xfuncs.o)
                0x00015fc4                utoa_to_buf
 .text.itoa_to_buf
                0x00016064       0x2c libbb/lib.a(xfuncs.o)
                0x00016064                itoa_to_buf
 .text.utoa     0x00016090       0x28 libbb/lib.a(xfuncs.o)
                0x00016090                utoa
 .text.itoa     0x000160b8       0x28 libbb/lib.a(xfuncs.o)
                0x000160b8                itoa
 .text.bin2hex  0x000160e0       0x4c libbb/lib.a(xfuncs.o)
                0x000160e0                bin2hex
 .text.hex2bin  0x0001612c       0xfc libbb/lib.a(xfuncs.o)
                0x0001612c                hex2bin
 .text.bb_putchar_stderr
                0x00016228       0x20 libbb/lib.a(xfuncs.o)
                0x00016228                bb_putchar_stderr
 .text.full_write1_str
                0x00016248       0x20 libbb/lib.a(xfuncs.o)
                0x00016248                full_write1_str
 .text.full_write2_str
                0x00016268       0x20 libbb/lib.a(xfuncs.o)
                0x00016268                full_write2_str
 .text.get_terminal_width_height
                0x00016288       0xdc libbb/lib.a(xfuncs.o)
                0x00016288                get_terminal_width_height
 .text.tcsetattr_stdin_TCSANOW
                0x00016364       0x10 libbb/lib.a(xfuncs.o)
                0x00016364                tcsetattr_stdin_TCSANOW
 .text.safe_waitpid
                0x00016374       0x44 libbb/lib.a(xfuncs.o)
                0x00016374                safe_waitpid
 .text.wait_any_nohang
                0x000163b8       0x10 libbb/lib.a(xfuncs.o)
                0x000163b8                wait_any_nohang
 .text.wait4pid
                0x000163c8       0x58 libbb/lib.a(xfuncs.o)
                0x000163c8                wait4pid
 .text.malloc_or_warn
                0x00016420       0x3c libbb/lib.a(xfuncs_printf.o)
                0x00016420                malloc_or_warn
 .text.xmalloc  0x0001645c       0x30 libbb/lib.a(xfuncs_printf.o)
                0x0001645c                xmalloc
 .text.xrealloc
                0x0001648c       0x30 libbb/lib.a(xfuncs_printf.o)
                0x0001648c                xrealloc
 .text.xzalloc  0x000164bc       0x24 libbb/lib.a(xfuncs_printf.o)
                0x000164bc                xzalloc
 .text.xstrdup  0x000164e0       0x2c libbb/lib.a(xfuncs_printf.o)
                0x000164e0                xstrdup
 .text.xstrndup
                0x0001650c       0x4c libbb/lib.a(xfuncs_printf.o)
                0x0001650c                xstrndup
 .text.xfopen   0x00016558       0x24 libbb/lib.a(xfuncs_printf.o)
                0x00016558                xfopen
 .text.xopen3   0x0001657c       0x24 libbb/lib.a(xfuncs_printf.o)
                0x0001657c                xopen3
 .text.xopen    0x000165a0        0xc libbb/lib.a(xfuncs_printf.o)
                0x000165a0                xopen
 .text.open3_or_warn
                0x000165ac       0x2c libbb/lib.a(xfuncs_printf.o)
                0x000165ac                open3_or_warn
 .text.open_or_warn
                0x000165d8        0xc libbb/lib.a(xfuncs_printf.o)
                0x000165d8                open_or_warn
 .text.xopen_nonblocking
                0x000165e4        0x8 libbb/lib.a(xfuncs_printf.o)
                0x000165e4                xopen_nonblocking
 .text.xunlink  0x000165ec       0x24 libbb/lib.a(xfuncs_printf.o)
                0x000165ec                xunlink
 .text.xrename  0x00016610       0x2c libbb/lib.a(xfuncs_printf.o)
                0x00016610                xrename
 .text.rename_or_warn
                0x0001663c       0x34 libbb/lib.a(xfuncs_printf.o)
                0x0001663c                rename_or_warn
 .text.xpipe    0x00016670       0x1c libbb/lib.a(xfuncs_printf.o)
                0x00016670                xpipe
 .text.xdup2    0x0001668c       0x20 libbb/lib.a(xfuncs_printf.o)
                0x0001668c                xdup2
 .text.xmove_fd
                0x000166ac       0x20 libbb/lib.a(xfuncs_printf.o)
                0x000166ac                xmove_fd
 .text.xwrite   0x000166cc       0x24 libbb/lib.a(xfuncs_printf.o)
                0x000166cc                xwrite
 .text.xwrite_str
                0x000166f0       0x28 libbb/lib.a(xfuncs_printf.o)
                0x000166f0                xwrite_str
 .text.xclose   0x00016718       0x1c libbb/lib.a(xfuncs_printf.o)
                0x00016718                xclose
 .text.xlseek   0x00016734       0x5c libbb/lib.a(xfuncs_printf.o)
                0x00016734                xlseek
 .text.xmkstemp
                0x00016790       0x24 libbb/lib.a(xfuncs_printf.o)
                0x00016790                xmkstemp
 .text.die_if_ferror
                0x000167b4       0x24 libbb/lib.a(xfuncs_printf.o)
                0x000167b4                die_if_ferror
 .text.die_if_ferror_stdout
                0x000167d8       0x18 libbb/lib.a(xfuncs_printf.o)
                0x000167d8                die_if_ferror_stdout
 .text.fflush_all
                0x000167f0        0x8 libbb/lib.a(xfuncs_printf.o)
                0x000167f0                fflush_all
 .text.bb_putchar
                0x000167f8       0x38 libbb/lib.a(xfuncs_printf.o)
                0x000167f8                bb_putchar
 .text.xprint_and_close_file
                0x00016830       0x40 libbb/lib.a(xfuncs_printf.o)
                0x00016830                xprint_and_close_file
 .text.xasprintf
                0x00016870       0x44 libbb/lib.a(xfuncs_printf.o)
                0x00016870                xasprintf
 .text.xsetenv  0x000168b4       0x20 libbb/lib.a(xfuncs_printf.o)
                0x000168b4                xsetenv
 .text.bb_unsetenv
                0x000168d4       0x44 libbb/lib.a(xfuncs_printf.o)
                0x000168d4                bb_unsetenv
 .text.bb_unsetenv_and_free
                0x00016918       0x18 libbb/lib.a(xfuncs_printf.o)
                0x00016918                bb_unsetenv_and_free
 .text.xsetgid  0x00016930       0x1c libbb/lib.a(xfuncs_printf.o)
                0x00016930                xsetgid
 .text.xsetuid  0x0001694c       0x1c libbb/lib.a(xfuncs_printf.o)
                0x0001694c                xsetuid
 .text.xsetegid
                0x00016968       0x1c libbb/lib.a(xfuncs_printf.o)
                0x00016968                xsetegid
 .text.xseteuid
                0x00016984       0x1c libbb/lib.a(xfuncs_printf.o)
                0x00016984                xseteuid
 .text.xopen_as_uid_gid
                0x000169a0       0x5c libbb/lib.a(xfuncs_printf.o)
                0x000169a0                xopen_as_uid_gid
 .text.xchdir   0x000169fc       0x24 libbb/lib.a(xfuncs_printf.o)
                0x000169fc                xchdir
 .text.xchroot  0x00016a20       0x34 libbb/lib.a(xfuncs_printf.o)
                0x00016a20                xchroot
 .text.warn_opendir
                0x00016a54       0x2c libbb/lib.a(xfuncs_printf.o)
                0x00016a54                warn_opendir
 .text.xopendir
                0x00016a80       0x24 libbb/lib.a(xfuncs_printf.o)
                0x00016a80                xopendir
 .text.xsocket  0x00016aa4       0x1c libbb/lib.a(xfuncs_printf.o)
                0x00016aa4                xsocket
 .text.xbind    0x00016ac0       0x1c libbb/lib.a(xfuncs_printf.o)
                0x00016ac0                xbind
 .text.xlisten  0x00016adc       0x1c libbb/lib.a(xfuncs_printf.o)
                0x00016adc                xlisten
 .text.xsendto  0x00016af8       0x30 libbb/lib.a(xfuncs_printf.o)
                0x00016af8                xsendto
 .text.xstat    0x00016b28       0x24 libbb/lib.a(xfuncs_printf.o)
                0x00016b28                xstat
 .text.xfstat   0x00016b4c       0x1c libbb/lib.a(xfuncs_printf.o)
                0x00016b4c                xfstat
 .text.ioctl_or_perror_and_die
                0x00016b68       0x54 libbb/lib.a(xfuncs_printf.o)
                0x00016b68                ioctl_or_perror_and_die
 .text.ioctl_or_perror
                0x00016bbc       0x54 libbb/lib.a(xfuncs_printf.o)
                0x00016bbc                ioctl_or_perror
 .text.bb_ioctl_or_warn
                0x00016c10       0x24 libbb/lib.a(xfuncs_printf.o)
                0x00016c10                bb_ioctl_or_warn
 .text.bb_xioctl
                0x00016c34       0x1c libbb/lib.a(xfuncs_printf.o)
                0x00016c34                bb_xioctl
 .text.xmalloc_ttyname
                0x00016c50       0x30 libbb/lib.a(xfuncs_printf.o)
                0x00016c50                xmalloc_ttyname
 .text.generate_uuid
                0x00016c80       0xa4 libbb/lib.a(xfuncs_printf.o)
                0x00016c80                generate_uuid
 .text.xfork    0x00016d24       0x1c libbb/lib.a(xfuncs_printf.o)
                0x00016d24                xfork
 .text.xmalloc_readlink
                0x00016d40       0x64 libbb/lib.a(xreadlink.o)
                0x00016d40                xmalloc_readlink
 .text.xmalloc_follow_symlinks
                0x00016da4       0xbc libbb/lib.a(xreadlink.o)
                0x00016da4                xmalloc_follow_symlinks
 .text.xmalloc_readlink_or_warn
                0x00016e60       0x54 libbb/lib.a(xreadlink.o)
                0x00016e60                xmalloc_readlink_or_warn
 .text.xmalloc_realpath
                0x00016eb4        0x8 libbb/lib.a(xreadlink.o)
                0x00016eb4                xmalloc_realpath
 .text.bb_full_fd_action
                0x00016ebc      0x138 libbb/lib.a(copyfd.o)
 .text.bb_copyfd_size
                0x00016ff4       0x2c libbb/lib.a(copyfd.o)
                0x00016ff4                bb_copyfd_size
 .text.bb_copyfd_exact_size
                0x00017020       0x58 libbb/lib.a(copyfd.o)
                0x00017020                bb_copyfd_exact_size
 .text.bb_copyfd_eof
                0x00017078        0xc libbb/lib.a(copyfd.o)
                0x00017078                bb_copyfd_eof
 .text.full_write
                0x00017084       0x58 libbb/lib.a(full_write.o)
                0x00017084                full_write
 .text.safe_read
                0x000170dc       0x44 libbb/lib.a(read.o)
                0x000170dc                safe_read
 .text.full_read
                0x00017120       0x5c libbb/lib.a(read.o)
                0x00017120                full_read
 .text.read_close
                0x0001717c       0x20 libbb/lib.a(read.o)
                0x0001717c                read_close
 .text.open_read_close
                0x0001719c       0x2c libbb/lib.a(read.o)
                0x0001719c                open_read_close
 .text.safe_write
                0x000171c8       0x44 libbb/lib.a(safe_write.o)
                0x000171c8                safe_write
 .text.parse_datestr
                0x0001720c      0x450 libbb/lib.a(time.o)
                0x0001720c                parse_datestr
 .text.validate_tm_time
                0x0001765c       0x28 libbb/lib.a(time.o)
                0x0001765c                validate_tm_time
 .text.strftime_HHMMSS
                0x00017684       0x48 libbb/lib.a(time.o)
                0x00017684                strftime_HHMMSS
 .text.strftime_YYYYMMDDHHMMSS
                0x000176cc       0x48 libbb/lib.a(time.o)
                0x000176cc                strftime_YYYYMMDDHHMMSS
 .text.monotonic_us
                0x00017714       0x38 libbb/lib.a(time.o)
                0x00017714                monotonic_us
 .text.monotonic_ms
                0x0001774c       0x34 libbb/lib.a(time.o)
                0x0001774c                monotonic_ms
 .text.monotonic_sec
                0x00017780        0x8 libbb/lib.a(time.o)
                0x00017780                monotonic_sec
 .text.handle_errors.isra.0
                0x00017788       0x64 libbb/lib.a(bb_strtonum.o)
 .text.bb_strtoull
                0x000177ec       0x74 libbb/lib.a(bb_strtonum.o)
                0x000177ec                bb_strtoull
 .text.bb_strtoll
                0x00017860       0x80 libbb/lib.a(bb_strtonum.o)
                0x00017860                bb_strtoll
 .text.bb_strtoul
                0x000178e0       0x70 libbb/lib.a(bb_strtonum.o)
                0x000178e0                bb_strtoul
 .text.bb_strtol
                0x00017950       0x7c libbb/lib.a(bb_strtonum.o)
                0x00017950                bb_strtol
 .text.bb__parsepwent
                0x000179cc       0x9c libpwdgrp/lib.a(pwd_grp.o)
 .text.bb__parsegrent
                0x00017a68      0x160 libpwdgrp/lib.a(pwd_grp.o)
 .text.bb__parsespent
                0x00017bc8       0xa8 libpwdgrp/lib.a(pwd_grp.o)
 .text.bb__pgsreader
                0x00017c70      0x108 libpwdgrp/lib.a(pwd_grp.o)
 .text.get_S    0x00017d78       0x2c libpwdgrp/lib.a(pwd_grp.o)
 .text.getgrouplist_internal
                0x00017da4       0xd0 libpwdgrp/lib.a(pwd_grp.o)
 .text.bb_internal_getpwnam_r
                0x00017e74       0xa0 libpwdgrp/lib.a(pwd_grp.o)
                0x00017e74                bb_internal_getpwnam_r
 .text.bb_internal_getgrnam_r
                0x00017f14       0xa0 libpwdgrp/lib.a(pwd_grp.o)
                0x00017f14                bb_internal_getgrnam_r
 .text.bb_internal_getspnam_r
                0x00017fb4       0xa0 libpwdgrp/lib.a(pwd_grp.o)
                0x00017fb4                bb_internal_getspnam_r
 .text.bb_internal_getpwuid_r
                0x00018054       0x98 libpwdgrp/lib.a(pwd_grp.o)
                0x00018054                bb_internal_getpwuid_r
 .text.bb_internal_getgrgid_r
                0x000180ec       0x98 libpwdgrp/lib.a(pwd_grp.o)
                0x000180ec                bb_internal_getgrgid_r
 .text.bb_internal_getpwuid
                0x00018184       0x34 libpwdgrp/lib.a(pwd_grp.o)
                0x00018184                bb_internal_getpwuid
 .text.bb_internal_getgrgid
                0x000181b8       0x34 libpwdgrp/lib.a(pwd_grp.o)
                0x000181b8                bb_internal_getgrgid
 .text.bb_internal_getpwnam
                0x000181ec       0x34 libpwdgrp/lib.a(pwd_grp.o)
                0x000181ec                bb_internal_getpwnam
 .text.bb_internal_getgrnam
                0x00018220       0x34 libpwdgrp/lib.a(pwd_grp.o)
                0x00018220                bb_internal_getgrnam
 .text.bb_internal_getpwent_r
                0x00018254       0x94 libpwdgrp/lib.a(pwd_grp.o)
                0x00018254                bb_internal_getpwent_r
 .text.bb_internal_endgrent
                0x000182e8       0x28 libpwdgrp/lib.a(pwd_grp.o)
                0x000182e8                bb_internal_endgrent
 .text.bb_internal_initgroups
                0x00018310       0x3c libpwdgrp/lib.a(pwd_grp.o)
                0x00018310                bb_internal_initgroups
 .text.bb_internal_getgrouplist
                0x0001834c       0x54 libpwdgrp/lib.a(pwd_grp.o)
                0x0001834c                bb_internal_getgrouplist
 .text.get_uidgid
                0x000183a0      0x128 libpwdgrp/lib.a(uidgid_get.o)
                0x000183a0                get_uidgid
 .text.xget_uidgid
                0x000184c8       0x28 libpwdgrp/lib.a(uidgid_get.o)
                0x000184c8                xget_uidgid
 .text.parse_chown_usergroup_or_die
                0x000184f0       0x90 libpwdgrp/lib.a(uidgid_get.o)
                0x000184f0                parse_chown_usergroup_or_die
 .text.add_remove_shell_main
                0x00018580      0x144 loginutils/lib.a(add-remove-shell.o)
                0x00018580                add_remove_shell_main
 .text.addgroup_main
                0x000186c4      0x224 loginutils/lib.a(addgroup.o)
                0x000186c4                addgroup_main
 .text.addgroup_wrapper
                0x000188e8       0x7c loginutils/lib.a(adduser.o)
 .text.adduser_main
                0x00018964      0x418 loginutils/lib.a(adduser.o)
                0x00018964                adduser_main
 .text.chpasswd_main
                0x00018d7c      0x1a4 loginutils/lib.a(chpasswd.o)
                0x00018d7c                chpasswd_main
 .text.cryptpw_main
                0x00018f20      0x13c loginutils/lib.a(cryptpw.o)
                0x00018f20                cryptpw_main
 .text.deluser_main
                0x0001905c      0x174 loginutils/lib.a(deluser.o)
                0x0001905c                deluser_main
 .text.bcode    0x000191d0       0x20 loginutils/lib.a(getty.o)
 .text.set_tty_attrs
                0x000191f0       0x2c loginutils/lib.a(getty.o)
 .text.finalize_tty_attrs
                0x0001921c       0x88 loginutils/lib.a(getty.o)
 .text.alarm_handler
                0x000192a4       0x10 loginutils/lib.a(getty.o)
 .text.getty_main
                0x000192b4      0x79c loginutils/lib.a(getty.o)
                0x000192b4                getty_main
 .text.alarm_handler
                0x00019a50       0x3c loginutils/lib.a(login.o)
 .text.login_main
                0x00019a8c      0x5a8 loginutils/lib.a(login.o)
                0x00019a8c                login_main
 .text.passwd_main
                0x0001a034      0x478 loginutils/lib.a(passwd.o)
                0x0001a034                passwd_main
 .text.su_main  0x0001a4ac      0x22c loginutils/lib.a(su.o)
                0x0001a4ac                su_main
 .text.sulogin_main
                0x0001a6d8      0x1a4 loginutils/lib.a(sulogin.o)
                0x0001a6d8                sulogin_main
 .text.acquire_vt
                0x0001a87c       0x14 loginutils/lib.a(vlock.o)
 .text.release_vt
                0x0001a890       0x24 loginutils/lib.a(vlock.o)
 .text.vlock_main
                0x0001a8b4      0x1cc loginutils/lib.a(vlock.o)
                0x0001a8b4                vlock_main
 .text.makemime_main
                0x0001aa80      0x1b8 mailutils/lib.a(makemime.o)
                0x0001aa80                makemime_main
 .text.pop3_checkr
                0x0001ac38       0xa0 mailutils/lib.a(popmaildir.o)
 .text.popmaildir_main
                0x0001acd8      0x400 mailutils/lib.a(popmaildir.o)
                0x0001acd8                popmaildir_main
 .text.find_token
                0x0001b0d8       0x4c mailutils/lib.a(reformime.o)
 .text.parse    0x0001b124      0x4b0 mailutils/lib.a(reformime.o)
 .text.reformime_main
                0x0001b5d4       0xb4 mailutils/lib.a(reformime.o)
                0x0001b5d4                reformime_main
 .text.smtp_checkp
                0x0001b688       0xd4 mailutils/lib.a(sendmail.o)
 .text.rcptto   0x0001b75c       0x44 mailutils/lib.a(sendmail.o)
 .text.smtp_check
                0x0001b7a0        0xc mailutils/lib.a(sendmail.o)
 .text.sane_address
                0x0001b7ac       0x68 mailutils/lib.a(sendmail.o)
 .text.angle_address
                0x0001b814       0x48 mailutils/lib.a(sendmail.o)
 .text.rcptto_list
                0x0001b85c       0xa0 mailutils/lib.a(sendmail.o)
 .text.send_r_n
                0x0001b8fc       0x44 mailutils/lib.a(sendmail.o)
 .text.sendmail_main
                0x0001b940      0x550 mailutils/lib.a(sendmail.o)
                0x0001b940                sendmail_main
 .text.kill_helper
                0x0001be90       0x30 mailutils/lib.a(mail.o)
 .text.signal_handler
                0x0001bec0       0x90 mailutils/lib.a(mail.o)
 .text.launch_helper
                0x0001bf50      0x110 mailutils/lib.a(mail.o)
                0x0001bf50                launch_helper
 .text.send_mail_command
                0x0001c060       0x78 mailutils/lib.a(mail.o)
                0x0001c060                send_mail_command
 .text.encode_base64
                0x0001c0d8      0x138 mailutils/lib.a(mail.o)
                0x0001c0d8                encode_base64
 .text.get_cred_or_die
                0x0001c210       0xac mailutils/lib.a(mail.o)
                0x0001c210                get_cred_or_die
 .text.adjtimex_main
                0x0001c2bc      0x1e8 miscutils/lib.a(adjtimex.o)
                0x0001c2bc                adjtimex_main
 .text.beep_main
                0x0001c4a4      0x168 miscutils/lib.a(beep.o)
                0x0001c4a4                beep_main
 .text.signal_handler
                0x0001c60c       0x14 miscutils/lib.a(chat.o)
 .text.unescape
                0x0001c620       0xd8 miscutils/lib.a(chat.o)
 .text.chat_main
                0x0001c6f8      0x5cc miscutils/lib.a(chat.o)
                0x0001c6f8                chat_main
 .text.show_min_max
                0x0001ccc4       0x50 miscutils/lib.a(chrt.o)
 .text.chrt_main
                0x0001cd14      0x1c8 miscutils/lib.a(chrt.o)
                0x0001cd14                chrt_main
 .text.create_cdev_if_doesnt_exist
                0x0001cedc       0x5c miscutils/lib.a(conspy.o)
 .text.start_shell_in_child
                0x0001cf38       0xf8 miscutils/lib.a(conspy.o)
 .text.putcsi   0x0001d030       0x30 miscutils/lib.a(conspy.o)
 .text.set_cursor
                0x0001d060       0x48 miscutils/lib.a(conspy.o)
 .text.gotoxy   0x0001d0a8       0x40 miscutils/lib.a(conspy.o)
 .text.screen_char
                0x0001d0e8      0x170 miscutils/lib.a(conspy.o)
 .text.screen_dump
                0x0001d258       0xe4 miscutils/lib.a(conspy.o)
 .text.cleanup  0x0001d33c       0x68 miscutils/lib.a(conspy.o)
 .text.screen_read_close
                0x0001d3a4      0x12c miscutils/lib.a(conspy.o)
 .text.conspy_main
                0x0001d4d0      0x61c miscutils/lib.a(conspy.o)
                0x0001d4d0                conspy_main
 .text.delete_cronfile
                0x0001daec       0xb0 miscutils/lib.a(crond.o)
 .text.crondlog
                0x0001db9c      0x118 miscutils/lib.a(crond.o)
 .text.ParseField
                0x0001dcb4      0x234 miscutils/lib.a(crond.o)
 .text.load_crontab
                0x0001dee8      0x340 miscutils/lib.a(crond.o)
 .text.rescan_crontab_dir
                0x0001e228      0x114 miscutils/lib.a(crond.o)
 .text.fork_job
                0x0001e33c      0x280 miscutils/lib.a(crond.o)
 .text.crond_main
                0x0001e5bc      0x780 miscutils/lib.a(crond.o)
                0x0001e5bc                crond_main
 .text.edit_file
                0x0001ed3c       0x9c miscutils/lib.a(crontab.o)
 .text.crontab_main
                0x0001edd8      0x2bc miscutils/lib.a(crontab.o)
                0x0001edd8                crontab_main
 .text.pop      0x0001f094       0x98 miscutils/lib.a(dc.o)
 .text.push     0x0001f12c       0xa4 miscutils/lib.a(dc.o)
 .text.eor      0x0001f1d0       0x40 miscutils/lib.a(dc.o)
 .text.not      0x0001f210       0x20 miscutils/lib.a(dc.o)
 .text.or       0x0001f230       0x40 miscutils/lib.a(dc.o)
 .text.and      0x0001f270       0x40 miscutils/lib.a(dc.o)
 .text.mod      0x0001f2b0       0x54 miscutils/lib.a(dc.o)
 .text.divide   0x0001f304       0x28 miscutils/lib.a(dc.o)
 .text.mul      0x0001f32c       0x30 miscutils/lib.a(dc.o)
 .text.sub      0x0001f35c       0x28 miscutils/lib.a(dc.o)
 .text.add      0x0001f384       0x30 miscutils/lib.a(dc.o)
 .text.stack_machine
                0x0001f3b4       0x84 miscutils/lib.a(dc.o)
 .text.set_output_base
                0x0001f438       0x74 miscutils/lib.a(dc.o)
 .text.print_base
                0x0001f4ac      0x120 miscutils/lib.a(dc.o)
 .text.print_stack_no_pop
                0x0001f5cc       0x8c miscutils/lib.a(dc.o)
 .text.print_no_pop
                0x0001f658       0x74 miscutils/lib.a(dc.o)
 .text.power    0x0001f6cc       0x28 miscutils/lib.a(dc.o)
 .text.dc_main  0x0001f6f4       0xb8 miscutils/lib.a(dc.o)
                0x0001f6f4                dc_main
 .text.devmem_main
                0x0001f7ac      0x21c miscutils/lib.a(devmem.o)
                0x0001f7ac                devmem_main
 .text.eject_main
                0x0001f9c8      0x1b8 miscutils/lib.a(eject.o)
                0x0001f9c8                eject_main
 .text.fb_pixel_value
                0x0001fb80       0x7c miscutils/lib.a(fbsplash.o)
 .text.fb_write_pixel
                0x0001fbfc       0x44 miscutils/lib.a(fbsplash.o)
 .text.fb_drawfullrectangle
                0x0001fc40       0x84 miscutils/lib.a(fbsplash.o)
 .text.fb_drawprogressbar
                0x0001fcc4      0x220 miscutils/lib.a(fbsplash.o)
 .text.fb_setpal
                0x0001fee4       0xac miscutils/lib.a(fbsplash.o)
 .text.fbsplash_main
                0x0001ff90      0x494 miscutils/lib.a(fbsplash.o)
                0x0001ff90                fbsplash_main
 .text.parse_opts
                0x00020424       0x34 miscutils/lib.a(hdparm.o)
 .text.parse_opts_0_1
                0x00020458        0xc miscutils/lib.a(hdparm.o)
 .text.parse_opts_0_INTMAX
                0x00020464        0xc miscutils/lib.a(hdparm.o)
 .text.translate_xfermode
                0x00020470       0x88 miscutils/lib.a(hdparm.o)
 .text.read_big_block
                0x000204f8       0x38 miscutils/lib.a(hdparm.o)
 .text.xprint_ascii
                0x00020530       0x90 miscutils/lib.a(hdparm.o)
 .text.mode_loop
                0x000205c0       0x88 miscutils/lib.a(hdparm.o)
 .text.print_flag
                0x00020648       0x14 miscutils/lib.a(hdparm.o)
 .text.on_off   0x0002065c       0x20 miscutils/lib.a(hdparm.o)
 .text.print_flag_on_off
                0x0002067c       0x28 miscutils/lib.a(hdparm.o)
 .text.print_value_on_off
                0x000206a4       0x2c miscutils/lib.a(hdparm.o)
 .text.identify
                0x000206d0     0x1280 miscutils/lib.a(hdparm.o)
 .text.identify_from_stdin
                0x00021950       0x90 miscutils/lib.a(hdparm.o)
 .text.dump_identity
                0x000219e0      0x4a8 miscutils/lib.a(hdparm.o)
 .text.seek_to_zero
                0x00021e88       0x24 miscutils/lib.a(hdparm.o)
 .text.flush_buffer_cache
                0x00021eac       0x74 miscutils/lib.a(hdparm.o)
 .text.do_time  0x00021f20      0x264 miscutils/lib.a(hdparm.o)
 .text.ioctl_alt_func.constprop.0
                0x00022184       0x48 miscutils/lib.a(hdparm.o)
 .text.bus_state_value
                0x000221cc       0x44 miscutils/lib.a(hdparm.o)
 .text.process_dev
                0x00022210     0x1630 miscutils/lib.a(hdparm.o)
 .text.hdparm_main
                0x00023840      0x9e4 miscutils/lib.a(hdparm.o)
                0x00023840                hdparm_main
 .text.ionice_main
                0x00024224      0x170 miscutils/lib.a(ionice.o)
                0x00024224                ionice_main
 .text.show_entry
                0x00024394      0x18c miscutils/lib.a(last_fancy.o)
 .text.last_main
                0x00024520      0x368 miscutils/lib.a(last_fancy.o)
                0x00024520                last_main
 .text.opp_bracket
                0x00024888       0x60 miscutils/lib.a(less.o)
 .text.sigwinch_handler
                0x000248e8       0x1c miscutils/lib.a(less.o)
 .text.set_tty_cooked
                0x00024904       0x28 miscutils/lib.a(less.o)
 .text.clear_line
                0x0002492c       0x20 miscutils/lib.a(less.o)
 .text.less_exit
                0x0002494c       0x28 miscutils/lib.a(less.o)
 .text.sig_catcher
                0x00024974        0xc miscutils/lib.a(less.o)
 .text.print_statusline
                0x00024980       0x34 miscutils/lib.a(less.o)
 .text.m_status_print
                0x000249b4       0xfc miscutils/lib.a(less.o)
 .text.fill_match_lines
                0x00024ab0       0xb4 miscutils/lib.a(less.o)
 .text.read_lines
                0x00024b64      0x3c0 miscutils/lib.a(less.o)
 .text.re_wrap  0x00024f24      0x1e8 miscutils/lib.a(less.o)
 .text.lineno_str
                0x0002510c       0x98 miscutils/lib.a(less.o)
 .text.status_print
                0x000251a4       0xa8 miscutils/lib.a(less.o)
 .text.buffer_print
                0x0002524c      0x304 miscutils/lib.a(less.o)
 .text.buffer_fill_and_print
                0x00025550       0xfc miscutils/lib.a(less.o)
 .text.reinitialize
                0x0002564c       0xd4 miscutils/lib.a(less.o)
 .text.change_file
                0x00025720       0x88 miscutils/lib.a(less.o)
 .text.buffer_down
                0x000257a8       0x84 miscutils/lib.a(less.o)
 .text.buffer_up
                0x0002582c       0x34 miscutils/lib.a(less.o)
 .text.buffer_line
                0x00025860       0x44 miscutils/lib.a(less.o)
 .text.goto_match
                0x000258a4       0x7c miscutils/lib.a(less.o)
 .text.getch_nowait
                0x00025920      0x194 miscutils/lib.a(less.o)
 .text.less_getch
                0x00025ab4       0x4c miscutils/lib.a(less.o)
 .text.less_gets
                0x00025b00       0xd0 miscutils/lib.a(less.o)
 .text.examine_file
                0x00025bd0       0x8c miscutils/lib.a(less.o)
 .text.regex_process
                0x00025c5c      0x12c miscutils/lib.a(less.o)
 .text.less_main
                0x00025d88      0xbc4 miscutils/lib.a(less.o)
                0x00025d88                less_main
 .text.makedevs_main
                0x0002694c      0x44c miscutils/lib.a(makedevs.o)
                0x0002694c                makedevs_main
 .text.run_pipe
                0x00026d98      0x1ac miscutils/lib.a(man.o)
 .text.show_manpage
                0x00026f44       0xf0 miscutils/lib.a(man.o)
 .text.man_main
                0x00027034      0x3a0 miscutils/lib.a(man.o)
                0x00027034                man_main
 .text.microcom_main
                0x000273d4      0x378 miscutils/lib.a(microcom.o)
                0x000273d4                microcom_main
 .text.mountpoint_main
                0x0002774c      0x218 miscutils/lib.a(mountpoint.o)
                0x0002774c                mountpoint_main
 .text.mt_main  0x00027964      0x140 miscutils/lib.a(mt.o)
                0x00027964                mt_main
 .text.next_good_eraseblock
                0x00027aa4       0xac miscutils/lib.a(nandwrite.o)
 .text.dump_bad
                0x00027b50       0x84 miscutils/lib.a(nandwrite.o)
 .text.nandwrite_main
                0x00027bd4      0x438 miscutils/lib.a(nandwrite.o)
                0x00027bd4                nandwrite_main
 .text.raidautorun_main
                0x0002800c       0x34 miscutils/lib.a(raidautorun.o)
                0x0002800c                raidautorun_main
 .text.readahead_main
                0x00028040       0xa8 miscutils/lib.a(readahead.o)
                0x00028040                readahead_main
 .text.runlevel_main
                0x000280e8       0x94 miscutils/lib.a(runlevel.o)
                0x000280e8                runlevel_main
 .text.sigalrm_handler
                0x0002817c        0x4 miscutils/lib.a(rx.o)
 .text.read_byte
                0x00028180       0x38 miscutils/lib.a(rx.o)
 .text.rx_main  0x000281b8      0x40c miscutils/lib.a(rx.o)
                0x000281b8                rx_main
 .text.index_in_strings_case_insensitive
                0x000285c4       0x58 miscutils/lib.a(setserial.o)
 .text.get_numeric
                0x0002861c        0xc miscutils/lib.a(setserial.o)
 .text.serial_ctl
                0x00028628       0xc0 miscutils/lib.a(setserial.o)
 .text.setserial_main
                0x000286e8      0x5f8 miscutils/lib.a(setserial.o)
                0x000286e8                setserial_main
 .text.setsid_main
                0x00028ce0       0x44 miscutils/lib.a(setsid.o)
                0x00028ce0                setsid_main
 .text.strings_main
                0x00028d24      0x1c8 miscutils/lib.a(strings.o)
                0x00028d24                strings_main
 .text.ptok     0x00028eec       0x30 miscutils/lib.a(time.o)
 .text.run_command
                0x00028f1c       0xe8 miscutils/lib.a(time.o)
 .text.time_main
                0x00029004      0x5c4 miscutils/lib.a(time.o)
                0x00029004                time_main
 .text.timeout_main
                0x000295c8      0x168 miscutils/lib.a(timeout.o)
                0x000295c8                timeout_main
 .text.ttysize_main
                0x00029730       0xac miscutils/lib.a(ttysize.o)
                0x00029730                ttysize_main
 .text.get_num_from_file
                0x000297dc       0x78 miscutils/lib.a(ubi_tools.o)
 .text.ubi_tools_main
                0x00029854      0x4d0 miscutils/lib.a(ubi_tools.o)
                0x00029854                ubi_tools_main
 .text.volname_main
                0x00029d24       0x7c miscutils/lib.a(volname.o)
                0x00029d24                volname_main
 .text.wall_main
                0x00029da0       0x88 miscutils/lib.a(wall.o)
                0x00029da0                wall_main
 .text.watchdog_shutdown
                0x00029e28       0x40 miscutils/lib.a(watchdog.o)
 .text.watchdog_main
                0x00029e68      0x148 miscutils/lib.a(watchdog.o)
                0x00029e68                watchdog_main
 .text.display  0x00029fb0       0x64 modutils/lib.a(modinfo.o)
 .text.modinfo  0x0002a014      0x188 modutils/lib.a(modinfo.o)
 .text.modinfo_main
                0x0002a19c      0x17c modutils/lib.a(modinfo.o)
                0x0002a19c                modinfo_main
 .text.replace  0x0002a318       0x20 modutils/lib.a(modprobe-small.o)
 .text.load_module
                0x0002a338       0x58 modutils/lib.a(modprobe-small.o)
 .text.moderror
                0x0002a390       0x58 modutils/lib.a(modprobe-small.o)
 .text.load_dep_bb
                0x0002a3e8      0x13c modutils/lib.a(modprobe-small.o)
 .text.pathname_matches_modname
                0x0002a524       0x5c modutils/lib.a(modprobe-small.o)
 .text.find_keyword
                0x0002a580       0x90 modutils/lib.a(modprobe-small.o)
 .text.append   0x0002a610       0x70 modutils/lib.a(modprobe-small.o)
 .text.copy_stringbuf
                0x0002a680       0x2c modutils/lib.a(modprobe-small.o)
 .text.str_2_list
                0x0002a6ac       0x48 modutils/lib.a(modprobe-small.o)
 .text.parse_module
                0x0002a6f4      0x168 modutils/lib.a(modprobe-small.o)
 .text.fileAction
                0x0002a85c       0xd0 modutils/lib.a(modprobe-small.o)
 .text.find_alias
                0x0002a92c      0x314 modutils/lib.a(modprobe-small.o)
 .text.process_module
                0x0002ac40      0x2ec modutils/lib.a(modprobe-small.o)
 .text.modprobe_main
                0x0002af2c      0x234 modutils/lib.a(modprobe-small.o)
                0x0002af2c                modprobe_main
 .text.filename2modname
                0x0002b160       0x70 modutils/lib.a(modutils.o)
                0x0002b160                filename2modname
 .text.arp_show
                0x0002b1d0      0x3c8 networking/lib.a(arp.o)
 .text.arp_main
                0x0002b598      0x7b4 networking/lib.a(arp.o)
                0x0002b598                arp_main
 .text.finish   0x0002bd4c      0x140 networking/lib.a(arping.o)
 .text.catcher  0x0002be8c      0x2cc networking/lib.a(arping.o)
 .text.arping_main
                0x0002c158      0xa84 networking/lib.a(arping.o)
                0x0002c158                arping_main
 .text.brctl_main
                0x0002cbdc      0x500 networking/lib.a(brctl.o)
                0x0002cbdc                brctl_main
 .text.undot    0x0002d0dc       0x3c networking/lib.a(dnsd.o)
 .text.dnsd_main
                0x0002d118      0x630 networking/lib.a(dnsd.o)
                0x0002d118                dnsd_main
 .text.ether_wake_main
                0x0002d748      0x2d0 networking/lib.a(ether-wake.o)
                0x0002d748                ether_wake_main
 .text.verbose_log
                0x0002da18       0x2c networking/lib.a(ftpd.o)
 .text.cmdio_write_ok
                0x0002da44       0x68 networking/lib.a(ftpd.o)
 .text.cmdio_write_error
                0x0002daac       0x64 networking/lib.a(ftpd.o)
 .text.escape_text
                0x0002db10       0x9c networking/lib.a(ftpd.o)
 .text.cmdio_write
                0x0002dbac       0xa4 networking/lib.a(ftpd.o)
 .text.handle_cwd
                0x0002dc50       0x5c networking/lib.a(ftpd.o)
 .text.cmdio_write_raw
                0x0002dcac       0x4c networking/lib.a(ftpd.o)
 .text.timeout_handler
                0x0002dcf8      0x138 networking/lib.a(ftpd.o)
 .text.port_or_pasv_was_seen
                0x0002de30       0x74 networking/lib.a(ftpd.o)
 .text.port_pasv_cleanup
                0x0002dea4       0x80 networking/lib.a(ftpd.o)
 .text.get_remote_transfer_fd
                0x0002df24       0xc4 networking/lib.a(ftpd.o)
 .text.handle_dir_common
                0x0002dfe8      0x1cc networking/lib.a(ftpd.o)
 .text.bind_for_passive_mode
                0x0002e1b4      0x124 networking/lib.a(ftpd.o)
 .text.handle_upload_common
                0x0002e2d8      0x210 networking/lib.a(ftpd.o)
 .text.ftpd_main
                0x0002e4e8      0xed4 networking/lib.a(ftpd.o)
                0x0002e4e8                ftpd_main
 .text.ftp_die  0x0002f3bc       0x58 networking/lib.a(ftpgetput.o)
 .text.ftpcmd   0x0002f414      0x134 networking/lib.a(ftpgetput.o)
 .text.xconnect_ftpdata
                0x0002f548       0xe8 networking/lib.a(ftpgetput.o)
 .text.pump_data_and_QUIT
                0x0002f630       0x70 networking/lib.a(ftpgetput.o)
 .text.ftp_receive
                0x0002f6a0      0x1cc networking/lib.a(ftpgetput.o)
 .text.ftp_send
                0x0002f86c       0x74 networking/lib.a(ftpgetput.o)
 .text.ftpgetput_main
                0x0002f8e0      0x290 networking/lib.a(ftpgetput.o)
                0x0002f8e0                ftpgetput_main
 .text.do_sethostname
                0x0002fb70       0x84 networking/lib.a(hostname.o)
 .text.hostname_main
                0x0002fbf4      0x16c networking/lib.a(hostname.o)
                0x0002fbf4                hostname_main
 .text.scan_ip  0x0002fd60       0xd8 networking/lib.a(httpd.o)
 .text.checkPermIP
                0x0002fe38       0x5c networking/lib.a(httpd.o)
 .text.free_llist
                0x0002fe94       0x2c networking/lib.a(httpd.o)
 .text.parse_conf
                0x0002fec0      0x5a4 networking/lib.a(httpd.o)
 .text.sighup_handler
                0x00030464       0x10 networking/lib.a(httpd.o)
 .text.get_line
                0x00030474       0xb0 networking/lib.a(httpd.o)
 .text.check_user_passwd
                0x00030524      0x218 networking/lib.a(httpd.o)
 .text.log_and_exit
                0x0003073c       0x44 networking/lib.a(httpd.o)
 .text.cgi_io_loop_and_exit
                0x00030780      0x270 networking/lib.a(httpd.o)
 .text.setenv1  0x000309f0       0x18 networking/lib.a(httpd.o)
 .text.send_file_and_exit
                0x00030a08      0x388 networking/lib.a(httpd.o)
 .text.send_headers
                0x00030d90      0x324 networking/lib.a(httpd.o)
 .text.send_headers_and_exit
                0x000310b4       0x20 networking/lib.a(httpd.o)
 .text.send_REQUEST_TIMEOUT_and_exit
                0x000310d4        0xc networking/lib.a(httpd.o)
 .text.send_cgi_and_exit
                0x000310e0      0x404 networking/lib.a(httpd.o)
 .text.handle_incoming_and_exit
                0x000314e4      0xb58 networking/lib.a(httpd.o)
 .text.httpd_main
                0x0003203c      0x3a8 networking/lib.a(httpd.o)
                0x0003203c                httpd_main
 .text.ifconfig_main
                0x000323e4      0x4e8 networking/lib.a(ifconfig.o)
                0x000323e4                ifconfig_main
 .text.set_ifrname_and_do_ioctl
                0x000328cc       0x2c networking/lib.a(ifenslave.o)
 .text.set_if_down
                0x000328f8       0x4c networking/lib.a(ifenslave.o)
 .text.get_if_settings
                0x00032944       0x54 networking/lib.a(ifenslave.o)
 .text.get_drv_info
                0x00032998       0xdc networking/lib.a(ifenslave.o)
 .text.set_hwaddr
                0x00032a74       0x34 networking/lib.a(ifenslave.o)
 .text.enslave  0x00032aa8      0x304 networking/lib.a(ifenslave.o)
 .text.ifenslave_main
                0x00032dac      0x330 networking/lib.a(ifenslave.o)
                0x00032dac                ifenslave_main
 .text.read_pid
                0x000330dc       0x44 networking/lib.a(ifplugd.o)
 .text.set_ifreq_to_ifname
                0x00033120       0x30 networking/lib.a(ifplugd.o)
 .text.network_ioctl
                0x00033150       0x44 networking/lib.a(ifplugd.o)
 .text.detect_link_iff
                0x00033194       0x68 networking/lib.a(ifplugd.o)
 .text.detect_link_wlan
                0x000331fc       0xb8 networking/lib.a(ifplugd.o)
 .text.detect_link_priv
                0x000332b4       0x74 networking/lib.a(ifplugd.o)
 .text.detect_link_mii
                0x00033328       0x74 networking/lib.a(ifplugd.o)
 .text.detect_link_ethtool
                0x0003339c       0x58 networking/lib.a(ifplugd.o)
 .text.check_existence_through_netlink
                0x000333f4      0x188 networking/lib.a(ifplugd.o)
 .text.up_iface
                0x0003357c       0x9c networking/lib.a(ifplugd.o)
 .text.maybe_up_new_iface
                0x00033618       0x40 networking/lib.a(ifplugd.o)
 .text.detect_link
                0x00033658      0x13c networking/lib.a(ifplugd.o)
 .text.run_script
                0x00033794      0x11c networking/lib.a(ifplugd.o)
 .text.ifplugd_main
                0x000338b0      0x590 networking/lib.a(ifplugd.o)
                0x000338b0                ifplugd_main
 .text.manual_up_down6
                0x00033e40        0x8 networking/lib.a(ifupdown.o)
 .text.manual_up_down
                0x00033e48        0x8 networking/lib.a(ifupdown.o)
 .text.check    0x00033e50        0xc networking/lib.a(ifupdown.o)
 .text.doit     0x00033e5c       0xe4 networking/lib.a(ifupdown.o)
 .text.execute_all
                0x00033f40       0x68 networking/lib.a(ifupdown.o)
 .text.setlocalenv
                0x00033fa8       0x80 networking/lib.a(ifupdown.o)
 .text.set_environ
                0x00034028      0x1bc networking/lib.a(ifupdown.o)
 .text.iface_up
                0x000341e4       0xb0 networking/lib.a(ifupdown.o)
 .text.iface_down
                0x00034294       0xb0 networking/lib.a(ifupdown.o)
 .text.next_word
                0x00034344       0x60 networking/lib.a(ifupdown.o)
 .text.strncmpz
                0x000343a4       0x20 networking/lib.a(ifupdown.o)
 .text.get_var  0x000343c4       0x94 networking/lib.a(ifupdown.o)
 .text.find_iface_state
                0x00034458       0x58 networking/lib.a(ifupdown.o)
 .text.addstr   0x000344b0       0x58 networking/lib.a(ifupdown.o)
 .text.execute  0x00034508      0x2c4 networking/lib.a(ifupdown.o)
 .text.loopback_down6
                0x000347cc       0x14 networking/lib.a(ifupdown.o)
 .text.loopback_up6
                0x000347e0       0x4c networking/lib.a(ifupdown.o)
 .text.static_down6
                0x0003482c       0x14 networking/lib.a(ifupdown.o)
 .text.static_up6
                0x00034840       0x64 networking/lib.a(ifupdown.o)
 .text.v4tunnel_down
                0x000348a4       0x14 networking/lib.a(ifupdown.o)
 .text.v4tunnel_up
                0x000348b8       0x7c networking/lib.a(ifupdown.o)
 .text.loopback_down
                0x00034934       0x4c networking/lib.a(ifupdown.o)
 .text.loopback_up
                0x00034980       0x4c networking/lib.a(ifupdown.o)
 .text.dhcp_up  0x000349cc       0x40 networking/lib.a(ifupdown.o)
 .text.bootp_up
                0x00034a0c       0x14 networking/lib.a(ifupdown.o)
 .text.static_down
                0x00034a20       0x4c networking/lib.a(ifupdown.o)
 .text.static_up
                0x00034a6c       0x64 networking/lib.a(ifupdown.o)
 .text.ppp_down
                0x00034ad0       0x14 networking/lib.a(ifupdown.o)
 .text.ppp_up   0x00034ae4       0x14 networking/lib.a(ifupdown.o)
 .text.wvdial_down
                0x00034af8       0x14 networking/lib.a(ifupdown.o)
 .text.wvdial_up
                0x00034b0c       0x14 networking/lib.a(ifupdown.o)
 .text.dhcp_down
                0x00034b20       0x50 networking/lib.a(ifupdown.o)
 .text.popen2   0x00034b70       0xb8 networking/lib.a(ifupdown.o)
 .text.read_iface_state
                0x00034c28       0x64 networking/lib.a(ifupdown.o)
 .text.read_interfaces
                0x00034c8c      0x5c0 networking/lib.a(ifupdown.o)
 .text.ifupdown_main
                0x0003524c      0x514 networking/lib.a(ifupdown.o)
                0x0003524c                ifupdown_main
 .text.remove_fd_from_set
                0x00035760       0x74 networking/lib.a(inetd.o)
 .text.init_ring
                0x000357d4       0x7c networking/lib.a(inetd.o)
 .text.discard_dg
                0x00035850       0x18 networking/lib.a(inetd.o)
 .text.maybe_close
                0x00035868        0xc networking/lib.a(inetd.o)
 .text.free_servtab_strings
                0x00035874       0x5c networking/lib.a(inetd.o)
 .text.bump_nofile
                0x000358d0      0x118 networking/lib.a(inetd.o)
 .text.add_fd_to_set
                0x000359e8      0x118 networking/lib.a(inetd.o)
 .text.unregister_rpc
                0x00035b00       0x4c networking/lib.a(inetd.o)
 .text.clean_up_and_exit
                0x00035b4c       0xa4 networking/lib.a(inetd.o)
 .text.reap_child
                0x00035bf0       0xc8 networking/lib.a(inetd.o)
 .text.register_rpc
                0x00035cb8       0xcc networking/lib.a(inetd.o)
 .text.daytime_dg
                0x00035d84       0xb0 networking/lib.a(inetd.o)
 .text.daytime_stream
                0x00035e34       0x3c networking/lib.a(inetd.o)
 .text.machtime
                0x00035e70       0x40 networking/lib.a(inetd.o)
 .text.machtime_dg
                0x00035eb0       0x84 networking/lib.a(inetd.o)
 .text.machtime_stream
                0x00035f34       0x28 networking/lib.a(inetd.o)
 .text.chargen_dg
                0x00035f5c      0x19c networking/lib.a(inetd.o)
 .text.chargen_stream
                0x000360f8       0xd0 networking/lib.a(inetd.o)
 .text.discard_stream
                0x000361c8       0x2c networking/lib.a(inetd.o)
 .text.echo_stream
                0x000361f4       0x38 networking/lib.a(inetd.o)
 .text.echo_dg  0x0003622c       0x8c networking/lib.a(inetd.o)
 .text.xzalloc_lsa
                0x000362b8       0x34 networking/lib.a(inetd.o)
 .text.block_CHLD_HUP_ALRM
                0x000362ec       0x48 networking/lib.a(inetd.o)
 .text.restore_sigmask
                0x00036334       0x10 networking/lib.a(inetd.o)
 .text.rearm_alarm
                0x00036344       0x44 networking/lib.a(inetd.o)
 .text.prepare_socket_fd
                0x00036388      0x190 networking/lib.a(inetd.o)
 .text.retry_network_setup
                0x00036518       0x98 networking/lib.a(inetd.o)
 .text.reread_config_file
                0x000365b0      0xb88 networking/lib.a(inetd.o)
 .text.inetd_main
                0x00037138      0xb80 networking/lib.a(inetd.o)
                0x00037138                inetd_main
 .text.UNSPEC_print
                0x00037cb8       0x64 networking/lib.a(interface.o)
 .text.UNSPEC_sprint
                0x00037d1c       0x28 networking/lib.a(interface.o)
 .text.INET6_input
                0x00037d44        0x4 networking/lib.a(interface.o)
 .text.INET6_sprint
                0x00037d48       0x50 networking/lib.a(interface.o)
 .text.INET_input
                0x00037d98        0x8 networking/lib.a(interface.o)
 .text.INET_sprint
                0x00037da0       0x54 networking/lib.a(interface.o)
 .text.ether_print
                0x00037df4       0x58 networking/lib.a(interface.o)
 .text.in_ib    0x00037e4c       0x28 networking/lib.a(interface.o)
                0x00037e4c                in_ib
 .text.add_interface
                0x00037e74       0x90 networking/lib.a(interface.o)
 .text.if_readconf
                0x00037f04       0xd0 networking/lib.a(interface.o)
 .text.if_readlist_proc
                0x00037fd4      0x284 networking/lib.a(interface.o)
 .text.do_if_fetch
                0x00038258      0x304 networking/lib.a(interface.o)
 .text.print_bytes_scaled
                0x0003855c       0x98 networking/lib.a(interface.o)
 .text.get_aftype
                0x000385f4       0x38 networking/lib.a(interface.o)
                0x000385f4                get_aftype
 .text.get_hwtype
                0x0003862c       0x38 networking/lib.a(interface.o)
                0x0003862c                get_hwtype
 .text.get_hwntype
                0x00038664       0x28 networking/lib.a(interface.o)
                0x00038664                get_hwntype
 .text.ife_print
                0x0003868c      0x5c4 networking/lib.a(interface.o)
 .text.display_interfaces
                0x00038c50       0xe4 networking/lib.a(interface.o)
                0x00038c50                display_interfaces
 .text.ip_do    0x00038d34       0x1c networking/lib.a(ip.o)
 .text.ip_print_help
                0x00038d50        0x8 networking/lib.a(ip.o)
 .text.ipaddr_main
                0x00038d58        0xc networking/lib.a(ip.o)
                0x00038d58                ipaddr_main
 .text.iplink_main
                0x00038d64        0xc networking/lib.a(ip.o)
                0x00038d64                iplink_main
 .text.iproute_main
                0x00038d70        0xc networking/lib.a(ip.o)
                0x00038d70                iproute_main
 .text.iprule_main
                0x00038d7c        0xc networking/lib.a(ip.o)
                0x00038d7c                iprule_main
 .text.iptunnel_main
                0x00038d88        0xc networking/lib.a(ip.o)
                0x00038d88                iptunnel_main
 .text.ip_main  0x00038d94       0x4c networking/lib.a(ip.o)
                0x00038d94                ip_main
 .text.ipcalc_main
                0x00038de0      0x2d8 networking/lib.a(ipcalc.o)
                0x00038de0                ipcalc_main
 .text.do_timeout
                0x000390b8        0x8 networking/lib.a(isrv_identd.o)
 .text.do_rd    0x000390c0      0x110 networking/lib.a(isrv_identd.o)
 .text.new_peer
                0x000391d0       0x74 networking/lib.a(isrv_identd.o)
 .text.fakeidentd_main
                0x00039244      0x160 networking/lib.a(isrv_identd.o)
                0x00039244                fakeidentd_main
 .text.prepend_new_eth_table
                0x000393a4      0x1a0 networking/lib.a(nameif.o)
 .text.nameif_main
                0x00039544      0x308 networking/lib.a(nameif.o)
                0x00039544                nameif_main
 .text.nbdclient_main
                0x0003984c      0x22c networking/lib.a(nbd-client.o)
                0x0003984c                nbdclient_main
 .text.timeout  0x00039a78       0x10 networking/lib.a(nc.o)
 .text.nc_main  0x00039a88      0x47c networking/lib.a(nc.o)
                0x00039a88                nc_main
 .text.unix_do_one
                0x00039f04      0x2b4 networking/lib.a(netstat.o)
 .text.build_ipv6_addr
                0x0003a1b8       0x64 networking/lib.a(netstat.o)
 .text.ip_port_str
                0x0003a21c       0x90 networking/lib.a(netstat.o)
 .text.dir_act  0x0003a2ac       0xf0 networking/lib.a(netstat.o)
 .text.add_to_prg_cache_if_socket
                0x0003a39c      0x124 networking/lib.a(netstat.o)
 .text.do_info  0x0003a4c0       0x78 networking/lib.a(netstat.o)
 .text.scan_inet_proc_line
                0x0003a538       0xd0 networking/lib.a(netstat.o)
 .text.print_inet_line
                0x0003a608      0x12c networking/lib.a(netstat.o)
 .text.raw_do_one
                0x0003a734       0x98 networking/lib.a(netstat.o)
 .text.udp_do_one
                0x0003a7cc       0xc8 networking/lib.a(netstat.o)
 .text.tcp_do_one
                0x0003a894       0x64 networking/lib.a(netstat.o)
 .text.netstat_main
                0x0003a8f8      0x2a0 networking/lib.a(netstat.o)
                0x0003a8f8                netstat_main
 .text.set_default_dns
                0x0003ab98       0x60 networking/lib.a(nslookup.o)
 .text.print_host
                0x0003abf8       0xe4 networking/lib.a(nslookup.o)
 .text.nslookup_main
                0x0003acdc       0x8c networking/lib.a(nslookup.o)
                0x0003acdc                nslookup_main
 .text.my_SQRT  0x0003ad68       0x9c networking/lib.a(ntpd.o)
 .text.filter_datapoints
                0x0003ae04      0x18c networking/lib.a(ntpd.o)
 .text.reset_peer_stats
                0x0003af90       0xf8 networking/lib.a(ntpd.o)
 .text.compare_point_edge
                0x0003b088       0x50 networking/lib.a(ntpd.o)
 .text.compare_survivor_metric
                0x0003b0d8       0x50 networking/lib.a(ntpd.o)
 .text.poll_interval
                0x0003b128       0x44 networking/lib.a(ntpd.o)
 .text.d_to_lfp
                0x0003b16c       0x90 networking/lib.a(ntpd.o)
 .text.lfp_to_d
                0x0003b1fc       0x80 networking/lib.a(ntpd.o)
 .text.gettime1900d
                0x0003b27c       0x78 networking/lib.a(ntpd.o)
 .text.ntp_init
                0x0003b2f4      0x1f4 networking/lib.a(ntpd.o)
 .text.run_script
                0x0003b4e8      0x138 networking/lib.a(ntpd.o)
 .text.set_next.isra.0
                0x0003b620       0x34 networking/lib.a(ntpd.o)
 .text.step_time
                0x0003b654      0x1e0 networking/lib.a(ntpd.o)
 .text.update_local_clock
                0x0003b834      0x420 networking/lib.a(ntpd.o)
 .text.recv_and_process_client_pkt
                0x0003bc54      0x2ac networking/lib.a(ntpd.o)
 .text.recv_and_process_peer_pkt
                0x0003bf00      0xbbc networking/lib.a(ntpd.o)
 .text.ntpd_main
                0x0003cabc      0x488 networking/lib.a(ntpd.o)
                0x0003cabc                ntpd_main
 .text.unpack_tail
                0x0003cf44      0x270 networking/lib.a(ping.o)
 .text.print_stats_and_exit
                0x0003d1b4      0x260 networking/lib.a(ping.o)
 .text.sendping_tail.constprop.1
                0x0003d414      0x240 networking/lib.a(ping.o)
 .text.sendping4
                0x0003d654       0xb8 networking/lib.a(ping.o)
 .text.sendping6
                0x0003d70c       0x84 networking/lib.a(ping.o)
 .text.common_ping_main
                0x0003d790      0xb5c networking/lib.a(ping.o)
 .text.ping_main
                0x0003e2ec        0xc networking/lib.a(ping.o)
                0x0003e2ec                ping_main
 .text.ping6_main
                0x0003e2f8        0xc networking/lib.a(ping.o)
                0x0003e2f8                ping6_main
 .text.pscan_main
                0x0003e304      0x2f4 networking/lib.a(pscan.o)
                0x0003e304                pscan_main
 .text.set_flags
                0x0003e5f8       0x4c networking/lib.a(route.o)
 .text.kw_lookup
                0x0003e644       0x80 networking/lib.a(route.o)
 .text.INET6_displayroutes
                0x0003e6c4      0x1fc networking/lib.a(route.o)
 .text.INET6_setroute
                0x0003e8c0      0x260 networking/lib.a(route.o)
 .text.INET_setroute
                0x0003eb20      0x3cc networking/lib.a(route.o)
 .text.bb_displayroutes
                0x0003eeec      0x1e0 networking/lib.a(route.o)
                0x0003eeec                bb_displayroutes
 .text.route_main
                0x0003f0cc      0x150 networking/lib.a(route.o)
                0x0003f0cc                route_main
 .text.set_termios_state_or_warn
                0x0003f21c       0x58 networking/lib.a(slattach.o)
 .text.restore_state_and_exit
                0x0003f274       0xa8 networking/lib.a(slattach.o)
 .text.sig_handler
                0x0003f31c        0xc networking/lib.a(slattach.o)
 .text.slattach_main
                0x0003f328      0x394 networking/lib.a(slattach.o)
                0x0003f328                slattach_main
 .text.connection_status
                0x0003f6bc       0x54 networking/lib.a(tcpudp.o)
 .text.sig_term_handler
                0x0003f710       0x48 networking/lib.a(tcpudp.o)
 .text.sig_child_handler
                0x0003f758      0x128 networking/lib.a(tcpudp.o)
 .text.xsetenv_proto
                0x0003f880       0x6c networking/lib.a(tcpudp.o)
 .text.xsetenv_plain
                0x0003f8ec       0x68 networking/lib.a(tcpudp.o)
 .text.tcpudpsvd_main
                0x0003f954      0xae8 networking/lib.a(tcpudp.o)
                0x0003f954                tcpudpsvd_main
 .text.ipsvd_perhost_init
                0x0004043c       0x2c networking/lib.a(tcpudp_perhost.o)
                0x0004043c                ipsvd_perhost_init
 .text.ipsvd_perhost_add
                0x00040468       0x8c networking/lib.a(tcpudp_perhost.o)
                0x00040468                ipsvd_perhost_add
 .text.ipsvd_perhost_remove
                0x000404f4       0x60 networking/lib.a(tcpudp_perhost.o)
                0x000404f4                ipsvd_perhost_remove
 .text.put_iac  0x00040554       0x50 networking/lib.a(telnet.o)
 .text.iac_flush
                0x000405a4       0x4c networking/lib.a(telnet.o)
 .text.put_iac2
                0x000405f0       0x58 networking/lib.a(telnet.o)
 .text.rawmode  0x00040648       0x24 networking/lib.a(telnet.o)
 .text.cookmode
                0x0004066c       0x24 networking/lib.a(telnet.o)
 .text.setConMode
                0x00040690       0x78 networking/lib.a(telnet.o)
 .text.con_escape
                0x00040708      0x150 networking/lib.a(telnet.o)
 .text.handle_net_output
                0x00040858       0x94 networking/lib.a(telnet.o)
 .text.telnet_main
                0x000408ec      0x738 networking/lib.a(telnet.o)
                0x000408ec                telnet_main
 .text.handle_sigchld
                0x00041024       0x94 networking/lib.a(telnetd.o)
 .text.make_new_session
                0x000410b8      0x2cc networking/lib.a(telnetd.o)
 .text.free_session
                0x00041384      0x174 networking/lib.a(telnetd.o)
 .text.telnetd_main
                0x000414f8      0x974 networking/lib.a(telnetd.o)
                0x000414f8                telnetd_main
 .text.tftp_blksize_check
                0x00041e6c       0x64 networking/lib.a(tftp.o)
 .text.tftp_progress_update
                0x00041ed0       0x9c networking/lib.a(tftp.o)
 .text.tftp_get_option
                0x00041f6c       0x8c networking/lib.a(tftp.o)
 .text.tftp_progress_done
                0x00041ff8       0x70 networking/lib.a(tftp.o)
 .text.tftp_protocol
                0x00042068      0x998 networking/lib.a(tftp.o)
 .text.tftp_main
                0x00042a00      0x188 networking/lib.a(tftp.o)
                0x00042a00                tftp_main
 .text.tftpd_main
                0x00042b88      0x2f0 networking/lib.a(tftp.o)
                0x00042b88                tftpd_main
 .text.pr_type  0x00042e78       0x6c networking/lib.a(traceroute.o)
 .text.common_traceroute_main
                0x00042ee4      0xee4 networking/lib.a(traceroute.o)
 .text.traceroute_main
                0x00043dc8        0x8 networking/lib.a(traceroute.o)
                0x00043dc8                traceroute_main
 .text.traceroute6_main
                0x00043dd0        0x8 networking/lib.a(traceroute.o)
                0x00043dd0                traceroute6_main
 .text.tunctl_main
                0x00043dd8      0x1d0 networking/lib.a(tunctl.o)
                0x00043dd8                tunctl_main
 .text.xfind_str
                0x00043fa8       0x40 networking/lib.a(vconfig.o)
 .text.vconfig_main
                0x00043fe8      0x124 networking/lib.a(vconfig.o)
                0x00043fe8                vconfig_main
 .text.sanitize_string
                0x0004410c       0x24 networking/lib.a(wget.o)
 .text.alarm_handler
                0x00044130       0x28 networking/lib.a(wget.o)
 .text.open_socket
                0x00044158       0x54 networking/lib.a(wget.o)
 .text.base64enc
                0x000441ac       0x48 networking/lib.a(wget.o)
 .text.fgets_and_trim
                0x000441f4       0x6c networking/lib.a(wget.o)
 .text.reset_beg_range_to_zero
                0x00044260       0x40 networking/lib.a(wget.o)
 .text.parse_url
                0x000442a0      0x1c0 networking/lib.a(wget.o)
 .text.gethdr   0x00044460       0xe8 networking/lib.a(wget.o)
 .text.progress_meter
                0x00044548       0xc4 networking/lib.a(wget.o)
 .text.retrieve_file_data
                0x0004460c      0x238 networking/lib.a(wget.o)
 .text.ftpcmd   0x00044844       0x80 networking/lib.a(wget.o)
 .text.wget_main
                0x000448c4      0xb80 networking/lib.a(wget.o)
                0x000448c4                wget_main
 .text.pipe_out
                0x00045444       0x68 networking/lib.a(whois.o)
 .text.whois_main
                0x000454ac       0x94 networking/lib.a(whois.o)
                0x000454ac                whois_main
 .text.pick     0x00045540       0x44 networking/lib.a(zcip.o)
 .text.arp      0x00045584       0xe4 networking/lib.a(zcip.o)
 .text.run      0x00045668       0xa8 networking/lib.a(zcip.o)
 .text.zcip_main
                0x00045710      0x5c8 networking/lib.a(zcip.o)
                0x00045710                zcip_main
 .text.isrv_want_rd
                0x00045cd8       0x20 networking/lib.a(isrv.o)
                0x00045cd8                isrv_want_rd
 .text.isrv_dont_want_rd
                0x00045cf8       0x20 networking/lib.a(isrv.o)
                0x00045cf8                isrv_dont_want_rd
 .text.isrv_dont_want_wr
                0x00045d18       0x34 networking/lib.a(isrv.o)
                0x00045d18                isrv_dont_want_wr
 .text.isrv_register_fd
                0x00045d4c       0x7c networking/lib.a(isrv.o)
                0x00045d4c                isrv_register_fd
 .text.isrv_close_fd
                0x00045dc8       0x90 networking/lib.a(isrv.o)
                0x00045dc8                isrv_close_fd
 .text.remove_peer
                0x00045e58       0xec networking/lib.a(isrv.o)
 .text.handle_fd_set
                0x00045f44      0x160 networking/lib.a(isrv.o)
 .text.isrv_register_peer
                0x000460a4       0x70 networking/lib.a(isrv.o)
                0x000460a4                isrv_register_peer
 .text.isrv_run
                0x00046114      0x1f8 networking/lib.a(isrv.o)
                0x00046114                isrv_run
 .text.ip_parse_common_args
                0x0004630c      0x100 networking/libiproute/lib.a(ip_parse_common_args.o)
                0x0004630c                ip_parse_common_args
 .text.store_nlmsg
                0x0004640c       0x5c networking/libiproute/lib.a(ipaddress.o)
 .text.flush_update
                0x00046468       0x98 networking/libiproute/lib.a(ipaddress.o)
 .text.print_addrinfo
                0x00046500      0x6f8 networking/libiproute/lib.a(ipaddress.o)
 .text.print_linkinfo
                0x00046bf8      0x40c networking/libiproute/lib.a(ipaddress.o)
 .text.ipaddr_modify
                0x00047004      0x4d4 networking/libiproute/lib.a(ipaddress.o)
 .text.ipaddr_list_or_flush
                0x000474d8      0x708 networking/libiproute/lib.a(ipaddress.o)
                0x000474d8                ipaddr_list_or_flush